Component: ARM Compiler 5.06 update 7 (build 960) Tool: armlink [4d3601]

==============================================================================

Section Cross References

    main.o(.text) refers to misc.o(.text) for NVIC_PriorityGroupConfig
    main.o(.text) refers to delay.o(.text) for delay_init
    main.o(.text) refers to usart.o(.text) for uart_init
    main.o(.text) refers to esp8266.o(.text) for ESP8266_Init
    main.o(.text) refers to mqtt.o(.text) for ESP8266_STA_MQTTClient_Test
    main.o(.text) refers to led.o(.text) for LED_Init
    main.o(.text) refers to soil.o(.text) for Adc_Init
    main.o(.text) refers to bmpiic.o(.text) for BMP_IIC_Init
    main.o(.text) refers to bh1750.o(.text) for BH1750_Init
    main.o(.text) refers to sht30.o(.text) for SHT30_Init
    main.o(.text) refers to sgp30.o(.text) for SGP30_Init
    main.o(.text) refers to bmp280.o(.text) for Bmp_Init
    main.o(.text) refers to printfa.o(i.__0printf) for __2printf
    main.o(.text) refers to d2f.o(.text) for __aeabi_d2f
    main.o(.text) refers to f2d.o(.text) for __aeabi_f2d
    main.o(.text) refers to dmul.o(.text) for __aeabi_dmul
    main.o(.text) refers to stm32f4xx_gpio.o(.text) for GPIO_ReadInputDataBit
    main.o(.text) refers to printfa.o(i.__0sprintf) for __2sprintf
    main.o(.text) refers to getstr.o(.text) for ReciveDtaThread
    main.o(.text) refers to getstr.o(.data) for BMP_Pressure
    main.o(.text) refers to sgp30.o(.data) for CO2Data
    main.o(.text) refers to main.o(.bss) for CO2Data1
    main.o(.text) refers to sht30.o(.data) for Temperature
    main.o(.text) refers to bh1750.o(.data) for lux
    main.o(.text) refers to main.o(.conststring) for .conststring
    system_stm32f4xx.o(.text) refers to system_stm32f4xx.o(.data) for SystemCoreClock
    getstr.o(.text) refers to strstr.o(.text) for strstr
    getstr.o(.text) refers to printfa.o(i.__0printf) for __2printf
    getstr.o(.text) refers to esp8266.o(.text) for ESP8266_Rst
    getstr.o(.text) refers to delay.o(.text) for delay_ms
    getstr.o(.text) refers to stm32f4xx_gpio.o(.text) for GPIO_ResetBits
    getstr.o(.text) refers to getstr.o(.data) for busyp
    getstr.o(.text) refers to getstr.o(.bss) for MyTeData
    getstr.o(.text) refers to atol.o(.text) for atol
    getstr.o(.text) refers to timer.o(.text) for TIM3_Int_Init
    getstr.o(.text) refers to stm32f4xx_tim.o(.text) for TIM_GetITStatus
    getstr.o(.text) refers to esp8266.o(.bss) for MyBuffer
    getstr.o(.text) refers to esp8266.o(.data) for MyReciveLenth
    getstr.o(.text) refers to bh1750.o(.data) for lux
    getstr.o(.text) refers to sht30.o(.data) for Temperature
    led.o(.text) refers to stm32f4xx_rcc.o(.text) for RCC_AHB1PeriphClockCmd
    led.o(.text) refers to stm32f4xx_gpio.o(.text) for GPIO_Init
    lcd.o(.text) refers to delay.o(.text) for delay_us
    lcd.o(.text) refers to lcd.o(.bss) for lcddev
    lcd.o(.text) refers to lcd.o(.data) for POINT_COLOR
    lcd.o(.text) refers to stm32f4xx_rcc.o(.text) for RCC_AHB1PeriphClockCmd
    lcd.o(.text) refers to stm32f4xx_gpio.o(.text) for GPIO_Init
    lcd.o(.text) refers to stm32f4xx_fsmc.o(.text) for FSMC_NORSRAMInit
    lcd.o(.text) refers to printfa.o(i.__0printf) for __2printf
    lcd.o(.text) refers to lcd.o(.constdata) for asc2_1206
    myiic.o(.text) refers to stm32f4xx_rcc.o(.text) for RCC_AHB1PeriphClockCmd
    myiic.o(.text) refers to stm32f4xx_gpio.o(.text) for GPIO_Init
    myiic.o(.text) refers to delay.o(.text) for delay_us
    bh1750.o(.text) refers to stm32f4xx_rcc.o(.text) for RCC_AHB1PeriphClockCmd
    bh1750.o(.text) refers to stm32f4xx_gpio.o(.text) for GPIO_Init
    bh1750.o(.text) refers to delay.o(.text) for delay_us
    bh1750.o(.text) refers to bh1750.o(.data) for BUF
    soil.o(.text) refers to stm32f4xx_rcc.o(.text) for RCC_AHB1PeriphClockCmd
    soil.o(.text) refers to stm32f4xx_gpio.o(.text) for GPIO_Init
    soil.o(.text) refers to stm32f4xx_adc.o(.text) for ADC_CommonInit
    soil.o(.text) refers to delay.o(.text) for delay_ms
    sgp30.o(.text) refers to stm32f4xx_rcc.o(.text) for RCC_AHB1PeriphClockCmd
    sgp30.o(.text) refers to stm32f4xx_gpio.o(.text) for GPIO_Init
    sgp30.o(.text) refers to delay.o(.text) for delay_us
    sgp30.o(.text) refers to printfa.o(i.__0printf) for __2printf
    sgp30.o(.text) refers to sgp30.o(.data) for CO2Data
    beep.o(.text) refers to stm32f4xx_rcc.o(.text) for RCC_AHB1PeriphClockCmd
    beep.o(.text) refers to stm32f4xx_gpio.o(.text) for GPIO_Init
    beep.o(.text) refers to delay.o(.text) for delay_us
    beep.o(.text) refers to memcpya.o(.text) for __aeabi_memcpy4
    beep.o(.text) refers to beep.o(.data) for melody
    beep.o(.text) refers to beep.o(.constdata) for .constdata
    bmpiic.o(.text) refers to stm32f4xx_rcc.o(.text) for RCC_AHB1PeriphClockCmd
    bmpiic.o(.text) refers to stm32f4xx_gpio.o(.text) for GPIO_Init
    bmpiic.o(.text) refers to delay.o(.text) for delay_us
    bmp280.o(.text) refers to bmpiic.o(.text) for BMP_IIC_Start
[...]
    ..\HARDWARE\TIMER\timer.c                0x00000000   Number         0  timer.o ABSOLUTE
    ..\HARDWARE\soil\soil.c                  0x00000000   Number         0  soil.o ABSOLUTE
    ..\SYSTEM\delay\delay.c                  0x00000000   Number         0  delay.o ABSOLUTE
    ..\SYSTEM\sys\sys.c                      0x00000000   Number         0  sys.o ABSOLUTE
    ..\SYSTEM\usart\usart.c                  0x00000000   Number         0  usart.o ABSOLUTE
    ..\\FWLIB\\src\\misc.c                   0x00000000   Number         0  misc.o ABSOLUTE
    ..\\FWLIB\\src\\stm32f4xx_adc.c          0x00000000   Number         0  stm32f4xx_adc.o ABSOLUTE
    ..\\FWLIB\\src\\stm32f4xx_can.c          0x00000000   Number         0  stm32f4xx_can.o ABSOLUTE
    ..\\FWLIB\\src\\stm32f4xx_crc.c          0x00000000   Number         0  stm32f4xx_crc.o ABSOLUTE
    ..\\FWLIB\\src\\stm32f4xx_cryp.c         0x00000000   Number         0  stm32f4xx_cryp.o ABSOLUTE
    ..\\FWLIB\\src\\stm32f4xx_cryp_aes.c     0x00000000   Number         0  stm32f4xx_cryp_aes.o ABSOLUTE
    ..\\FWLIB\\src\\stm32f4xx_cryp_des.c     0x00000000   Number         0  stm32f4xx_cryp_des.o ABSOLUTE
    ..\\FWLIB\\src\\stm32f4xx_cryp_tdes.c    0x00000000   Number         0  stm32f4xx_cryp_tdes.o ABSOLUTE
    ..\\FWLIB\\src\\stm32f4xx_dac.c          0x00000000   Number         0  stm32f4xx_dac.o ABSOLUTE
    ..\\FWLIB\\src\\stm32f4xx_dbgmcu.c       0x00000000   Number         0  stm32f4xx_dbgmcu.o ABSOLUTE
    ..\\FWLIB\\src\\stm32f4xx_dcmi.c         0x00000000   Number         0  stm32f4xx_dcmi.o ABSOLUTE
    ..\\FWLIB\\src\\stm32f4xx_dma.c          0x00000000   Number         0  stm32f4xx_dma.o ABSOLUTE
    ..\\FWLIB\\src\\stm32f4xx_dma2d.c        0x00000000   Number         0  stm32f4xx_dma2d.o ABSOLUTE
    ..\\FWLIB\\src\\stm32f4xx_exti.c         0x00000000   Number         0  stm32f4xx_exti.o ABSOLUTE
    ..\\FWLIB\\src\\stm32f4xx_flash.c        0x00000000   Number         0  stm32f4xx_flash.o ABSOLUTE
    ..\\FWLIB\\src\\stm32f4xx_flash_ramfunc.c 0x00000000   Number         0  stm32f4xx_flash_ramfunc.o ABSOLUTE
    ..\\FWLIB\\src\\stm32f4xx_fsmc.c         0x00000000   Number         0  stm32f4xx_fsmc.o ABSOLUTE
    ..\\FWLIB\\src\\stm32f4xx_gpio.c         0x00000000   Number         0  stm32f4xx_gpio.o ABSOLUTE
    ..\\FWLIB\\src\\stm32f4xx_hash.c         0x00000000   Number         0  stm32f4xx_hash.o ABSOLUTE
    ..\\FWLIB\\src\\stm32f4xx_hash_md5.c     0x00000000   Number         0  stm32f4xx_hash_md5.o ABSOLUTE
    ..\\FWLIB\\src\\stm32f4xx_hash_sha1.c    0x00000000   Number         0  stm32f4xx_hash_sha1.o ABSOLUTE
    ..\\FWLIB\\src\\stm32f4xx_i2c.c          0x00000000   Number         0  stm32f4xx_i2c.o ABSOLUTE
    ..\\FWLIB\\src\\stm32f4xx_iwdg.c         0x00000000   Number         0  stm32f4xx_iwdg.o ABSOLUTE
    ..\\FWLIB\\src\\stm32f4xx_ltdc.c         0x00000000   Number         0  stm32f4xx_ltdc.o ABSOLUTE
    ..\\FWLIB\\src\\stm32f4xx_pwr.c          0x00000000   Number         0  stm32f4xx_pwr.o ABSOLUTE
    ..\\FWLIB\\src\\stm32f4xx_rcc.c          0x00000000   Number         0  stm32f4xx_rcc.o ABSOLUTE
    ..\\FWLIB\\src\\stm32f4xx_rng.c          0x00000000   Number         0  stm32f4xx_rng.o ABSOLUTE
    ..\\FWLIB\\src\\stm32f4xx_rtc.c          0x00000000   Number         0  stm32f4xx_rtc.o ABSOLUTE
    ..\\FWLIB\\src\\stm32f4xx_sai.c          0x00000000   Number         0  stm32f4xx_sai.o ABSOLUTE
    ..\\FWLIB\\src\\stm32f4xx_sdio.c         0x00000000   Number         0  stm32f4xx_sdio.o ABSOLUTE
    ..\\FWLIB\\src\\stm32f4xx_spi.c          0x00000000   Number         0  stm32f4xx_spi.o ABSOLUTE
    ..\\FWLIB\\src\\stm32f4xx_syscfg.c       0x00000000   Number         0  stm32f4xx_syscfg.o ABSOLUTE
    ..\\FWLIB\\src\\stm32f4xx_tim.c          0x00000000   Number         0  stm32f4xx_tim.o ABSOLUTE
    ..\\FWLIB\\src\\stm32f4xx_usart.c        0x00000000   Number         0  stm32f4xx_usart.o ABSOLUTE
    ..\\FWLIB\\src\\stm32f4xx_wwdg.c         0x00000000   Number         0  stm32f4xx_wwdg.o ABSOLUTE
    ..\\HARDWARE\\BEEP1\\beep.c              0x00000000   Number         0  beep.o ABSOLUTE
    ..\\HARDWARE\\BH1750\\bh1750.c           0x00000000   Number         0  bh1750.o ABSOLUTE
    ..\\HARDWARE\\BH1750\\myiic.c            0x00000000   Number         0  myiic.o ABSOLUTE
    ..\\HARDWARE\\BMP280\\BMP280.c           0x00000000   Number         0  bmp280.o ABSOLUTE
    ..\\HARDWARE\\BMP280\\bmpiic.c           0x00000000   Number         0  bmpiic.o ABSOLUTE
    ..\\HARDWARE\\ESP8266\\esp8266.c         0x00000000   Number         0  esp8266.o ABSOLUTE
    ..\\HARDWARE\\LCD\\lcd.c                 0x00000000   Number         0  lcd.o ABSOLUTE
    ..\\HARDWARE\\LED\\led.c                 0x00000000   Number         0  led.o ABSOLUTE
    ..\\HARDWARE\\MQTT\\mqtt.c               0x00000000   Number         0  mqtt.o ABSOLUTE
    ..\\HARDWARE\\SGP30\\sgp30.c             0x00000000   Number         0  sgp30.o ABSOLUTE
    ..\\HARDWARE\\SHT30\\SHT30.c             0x00000000   Number         0  sht30.o ABSOLUTE
    ..\\HARDWARE\\TIMER\\timer.c             0x00000000   Number         0  timer.o ABSOLUTE
    ..\\HARDWARE\\soil\\soil.c               0x00000000   Number         0  soil.o ABSOLUTE
    ..\\SYSTEM\\delay\\delay.c               0x00000000   Number         0  delay.o ABSOLUTE
    ..\\SYSTEM\\sys\\sys.c                   0x00000000   Number         0  sys.o ABSOLUTE
    ..\\SYSTEM\\usart\\usart.c               0x00000000   Number         0  usart.o ABSOLUTE
    GetStr.c                                 0x00000000   Number         0  getstr.o ABSOLUTE
    GetStr.c                                 0x00000000   Number         0  getstr.o ABSOLUTE
    cdcmple.s                                0x00000000   Number         0  cdcmple.o ABSOLUTE
    cdrcmple.s                               0x00000000   Number         0  cdrcmple.o ABSOLUTE
    dc.s                                     0x00000000   Number         0  dc.o ABSOLUTE
    handlers.s                               0x00000000   Number         0  handlers.o ABSOLUTE
    init.s                                   0x00000000   Number         0  init.o ABSOLUTE
    main.c                                   0x00000000   Number         0  main.o ABSOLUTE
    main.c                                   0x00000000   Number         0  main.o ABSOLUTE
    stm32f4xx_it.c                           0x00000000   Number         0  stm32f4xx_it.o ABSOLUTE
    stm32f4xx_it.c                           0x00000000   Number         0  stm32f4xx_it.o ABSOLUTE
    system_stm32f4xx.c                       0x00000000   Number         0  system_stm32f4xx.o ABSOLUTE
    system_stm32f4xx.c                       0x00000000   Number         0  system_stm32f4xx.o ABSOLUTE
    RESET                                    0x08000000   Section      392  startup_stm32f40_41xxx.o(RESET)
    .ARM.Collect$$$$00000000                 0x08000188   Section        0  entry.o(.ARM.Collect$$$$00000000)
    .ARM.Collect$$$$00000001                 0x08000188   Section        4  entry2.o(.ARM.Collect$$$$00000001)
    .ARM.Collect$$$$00000004                 0x0800018c   Section        4  entry5.o(.ARM.Collect$$$$00000004)
    .ARM.Collect$$$$00000008                 0x08000190   Section        0  entry7b.o(.ARM.Collect$$$$00000008)
    .ARM.Collect$$$$0000000A                 0x08000190   Section        0  entry8b.o(.ARM.Collect$$$$0000000A)
    .ARM.Collect$$$$0000000B                 0x08000190   Section        8  entry9a.o(.ARM.Collect$$$$0000000B)
    .ARM.Collect$$$$0000000E                 0x08000198   Section        4  entry12b.o(.ARM.Collect$$$$0000000E)
    .ARM.Collect$$$$0000000F                 0x0800019c   Section        0  entry10a.o(.ARM.Collect$$$$0000000F)
    .ARM.Collect$$$$00000011                 0x0800019c   Section        0  entry11a.o(.ARM.Collect$$$$00000011)
    .ARM.Collect$$$$00002712                 0x0800019c   Section        4  entry2.o(.ARM.Collect$$$$00002712)
    __lit__00000000                          0x0800019c   Data           4  entry2.o(.ARM.Collect$$$$00002712)
    .text                                    0x080001a0   Section        0  main.o(.text)
    .text                                    0x08000478   Section        0  stm32f4xx_it.o(.text)
    .text                                    0x08000494   Section        0  system_stm32f4xx.o(.text)
    SetSysClock                              0x08000495   Thumb Code   220  system_stm32f4xx.o(.text)
    .text                                    0x080006a4   Section        0  getstr.o(.text)
    .text                                    0x080010e4   Section        0  led.o(.text)
    .text                                    0x0800111c   Section        0  bh1750.o(.text)
    .text                                    0x08001560   Section        0  soil.o(.text)
    .text                                    0x08001640   Section        0  sgp30.o(.text)
    .text                                    0x080019b8   Section        0  bmpiic.o(.text)
    .text                                    0x08001c10   Section        0  bmp280.o(.text)
    BMP280_Read_Byte                         0x08001c11   Thumb Code    58  bmp280.o(.text)
    BMP280_Write_Byte                        0x08001c4b   Thumb Code    46  bmp280.o(.text)
    .text                                    0x0800238c   Section        0  esp8266.o(.text)
    itoa                                     0x08002529   Thumb Code    98  esp8266.o(.text)
    .text                                    0x08002c78   Section        0  mqtt.o(.text)
    .text                                    0x08002dc4   Section        0  timer.o(.text)
    .text                                    0x08002ed8   Section        0  sht30.o(.text)
    .text                                    0x080032b4   Section        0  delay.o(.text)
    .text                                    0x080033b8   Section        0  usart.o(.text)
    .text                                    0x08003500   Section       36  startup_stm32f40_41xxx.o(.text)
    $v0                                      0x08003500   Number         0  startup_stm32f40_41xxx.o(.text)
    .text                                    0x08003524   Section        0  misc.o(.text)
    .text                                    0x08003604   Section        0  stm32f4xx_adc.o(.text)
    .text                                    0x08003a68   Section        0  stm32f4xx_gpio.o(.text)
    .text                                    0x08003cfc   Section        0  stm32f4xx_rcc.o(.text)
    .text                                    0x08004358   Section        0  stm32f4xx_tim.o(.text)
    TI4_Config                               0x08004af7   Thumb Code    80  stm32f4xx_tim.o(.text)
    TI3_Config                               0x08004b59   Thumb Code    72  stm32f4xx_tim.o(.text)
    TI2_Config                               0x08004bbb   Thumb Code    90  stm32f4xx_tim.o(.text)
    TI1_Config                               0x08004c27   Thumb Code    58  stm32f4xx_tim.o(.text)
    .text                                    0x08004ffc   Section        0  stm32f4xx_usart.o(.text)
    .text                                    0x08005450   Section        0  memseta.o(.text)
    .text                                    0x08005474   Section        0  strstr.o(.text)
    .text                                    0x08005498   Section        0  atol.o(.text)
    .text                                    0x080054b2   Section        0  dadd.o(.text)
    .text                                    0x08005600   Section        0  dmul.o(.text)
    .text                                    0x080056e4   Section        0  ddiv.o(.text)
    .text                                    0x080057c2   Section        0  dflti.o(.text)
    .text                                    0x080057e4   Section        0  dfltui.o(.text)
    .text                                    0x080057fe   Section        0  dfixi.o(.text)
    .text                                    0x0800583c   Section        0  f2d.o(.text)
    .text                                    0x08005864   Section       48  cdcmple.o(.text)
    .text                                    0x08005894   Section        0  d2f.o(.text)
    .text                                    0x080058cc   Section        0  uidiv.o(.text)
    .text                                    0x080058f8   Section        0  uldiv.o(.text)
    .text                                    0x0800595a   Section        0  llshl.o(.text)
    .text                                    0x08005978   Section        0  llushr.o(.text)
    .text                                    0x08005998   Section        0  llsshr.o(.text)
    .text                                    0x080059bc   Section        0  strtol.o(.text)
    .text                                    0x08005a2c   Section        0  fepilogue.o(.text)
    .text                                    0x08005a2c   Section        0  iusefp.o(.text)
    .text                                    0x08005a9a   Section        0  depilogue.o(.text)
    .text                                    0x08005b54   Section        0  dfixul.o(.text)
    .text                                    0x08005b84   Section       48  cdrcmple.o(.text)
    .text                                    0x08005bb4   Section       36  init.o(.text)
    .text                                    0x08005bd8   Section        0  ctype_o.o(.text)
    .text                                    0x08005be0   Section        0  _strtoul.o(.text)
    .text                                    0x08005c7e   Section        0  _chval.o(.text)
    i.__0printf                              0x08005c9c   Section        0  printfa.o(i.__0printf)
    i.__0sprintf                             0x08005cbc   Section        0  printfa.o(i.__0sprintf)
    i.__aeabi_errno_addr                     0x08005ce4   Section        0  errno.o(i.__aeabi_errno_addr)
    i.__scatterload_copy                     0x08005cec   Section       14  handlers.o(i.__scatterload_copy)
    i.__scatterload_null                     0x08005cfa   Section        2  handlers.o(i.__scatterload_null)
    i.__scatterload_zeroinit                 0x08005cfc   Section       14  handlers.o(i.__scatterload_zeroinit)
    i._fp_digits                             0x08005d0c   Section        0  printfa.o(i._fp_digits)
    _fp_digits                               0x08005d0d   Thumb Code   366  printfa.o(i._fp_digits)
    i._printf_core                           0x08005e90   Section        0  printfa.o(i._printf_core)
    _printf_core                             0x08005e91   Thumb Code  1704  printfa.o(i._printf_core)
    i._printf_post_padding                   0x08006544   Section        0  printfa.o(i._printf_post_padding)
    _printf_post_padding                     0x08006545   Thumb Code    36  printfa.o(i._printf_post_padding)
    i._printf_pre_padding                    0x08006568   Section        0  printfa.o(i._printf_pre_padding)
    _printf_pre_padding                      0x08006569   Thumb Code    46  printfa.o(i._printf_pre_padding)
    i._sputc                                 0x08006596   Section        0  printfa.o(i._sputc)
    _sputc                                   0x08006597   Thumb Code    10  printfa.o(i._sputc)
    .constdata                               0x080065a0   Section      129  ctype_o.o(.constdata)
    .constdata                               0x08006624   Section        4  ctype_o.o(.constdata)
    table                                    0x08006624   Data           4  ctype_o.o(.constdata)
    .conststring                             0x08006628   Section      854  main.o(.conststring)
    .conststring                             0x08006980   Section      241  mqtt.o(.conststring)
    .data                                    0x20000000   Section       20  system_stm32f4xx.o(.data)
    .data                                    0x20000014   Section       76  getstr.o(.data)
    .data                                    0x20000060   Section       16  bh1750.o(.data)
    .data                                    0x20000070   Section        8  sgp30.o(.data)
    .data                                    0x20000078   Section        4  bmp280.o(.data)
    .data                                    0x2000007c   Section        4  esp8266.o(.data)
    .data                                    0x20000080   Section        8  sht30.o(.data)
    .data                                    0x20000088   Section        4  delay.o(.data)
    fac_us                                   0x20000088   Data           1  delay.o(.data)
    fac_ms                                   0x2000008a   Data           2  delay.o(.data)
    .data                                    0x2000008c   Section        6  usart.o(.data)
    .data                                    0x20000092   Section       16  stm32f4xx_rcc.o(.data)
    APBAHBPrescTable                         0x20000092   Data          16  stm32f4xx_rcc.o(.data)
    .data                                    0x200000a4   Section        4  errno.o(.data)
    _errno                                   0x200000a4   Data           4  errno.o(.data)
    .bss                                     0x200000a8   Section      480  main.o(.bss)
    .bss                                     0x20000288   Section      180  getstr.o(.bss)
    .bss                                     0x2000033c   Section       24  bmp280.o(.bss)
    .bss                                     0x20000354   Section     3074  esp8266.o(.bss)
    .bss                                     0x20000f56   Section      200  usart.o(.bss)
    STACK                                    0x20001020   Section     1024  startup_stm32f40_41xxx.o(STACK)

    Global Symbols

    Symbol Name                              Value     Ov Type        Size  Object(Section)

    BuildAttributes$$THM_ISAv4$E$P$D$K$B$S$7EM$VFPi3$EXTD16$VFPS$VFMA$PE$A:L22UL41UL21$X:L11$S22US41US21$IEEE1$IW$USESV6$~STKCKD$USESV7$~SHL$OTIME$ROPI$EBA8$MICROLIB$REQ8$PRES8$EABIv2 0x00000000   Number         0  anon$$obj.o ABSOLUTE
    __ARM_use_no_argv                        0x00000000   Number         0  main.o ABSOLUTE
    __use_no_errno                           0x00000000   Number         0  useno.o ABSOLUTE
    __use_no_exception_handling              0x00000000   Number         0  useno.o ABSOLUTE
    __use_no_fp                              0x00000000   Number         0  useno.o ABSOLUTE
    __use_no_heap                            0x00000000   Number         0  useno.o ABSOLUTE
    __use_no_heap_region                     0x00000000   Number         0  useno.o ABSOLUTE
    __use_no_semihosting                     0x00000000   Number         0  useno.o ABSOLUTE
    __use_no_semihosting_swi                 0x00000000   Number         0  useno.o ABSOLUTE
    __use_no_signal_handling                 0x00000000   Number         0  useno.o ABSOLUTE
    _printf_a                                0x00000000   Number         0  stubs.o ABSOLUTE
    _printf_c                                0x00000000   Number         0  stubs.o ABSOLUTE
    _printf_charcount                        0x00000000   Number         0  stubs.o ABSOLUTE
    _printf_d                                0x00000000   Number         0  stubs.o ABSOLUTE
    _printf_e                                0x00000000   Number         0  stubs.o ABSOLUTE
    _printf_f                                0x00000000   Number         0  stubs.o ABSOLUTE
    _printf_flags                            0x00000000   Number         0  stubs.o ABSOLUTE
    _printf_fp_dec                           0x00000000   Number         0  stubs.o ABSOLUTE
    _printf_fp_hex                           0x00000000   Number         0  stubs.o ABSOLUTE
    _printf_g                                0x00000000   Number         0  stubs.o ABSOLUTE
    _printf_i                                0x00000000   Number         0  stubs.o ABSOLUTE
    _printf_int_dec                          0x00000000   Number         0  stubs.o ABSOLUTE
    _printf_l                                0x00000000   Number         0  stubs.o ABSOLUTE
    _printf_lc                               0x00000000   Number         0  stubs.o ABSOLUTE
    _printf_ll                               0x00000000   Number         0  stubs.o ABSOLUTE
    _printf_lld                              0x00000000   Number         0  stubs.o ABSOLUTE
    _printf_lli                              0x00000000   Number         0  stubs.o ABSOLUTE
    _printf_llo                              0x00000000   Number         0  stubs.o ABSOLUTE
    _printf_llu                              0x00000000   Number         0  stubs.o ABSOLUTE
    _printf_llx                              0x00000000   Number         0  stubs.o ABSOLUTE
    _printf_longlong_dec                     0x00000000   Number         0  stubs.o ABSOLUTE
    _printf_longlong_hex                     0x00000000   Number         0  stubs.o ABSOLUTE
    _printf_longlong_oct                     0x00000000   Number         0  stubs.o ABSOLUTE
    _printf_ls                               0x00000000   Number         0  stubs.o ABSOLUTE
    _printf_mbtowc                           0x00000000   Number         0  stubs.o ABSOLUTE
    _printf_n                                0x00000000   Number         0  stubs.o ABSOLUTE
    _printf_o                                0x00000000   Number         0  stubs.o ABSOLUTE
    _printf_p                                0x00000000   Number         0  stubs.o ABSOLUTE
    _printf_percent                          0x00000000   Number         0  stubs.o ABSOLUTE
    _printf_pre_padding                      0x00000000   Number         0  stubs.o ABSOLUTE
    _printf_return_value                     0x00000000   Number         0  stubs.o ABSOLUTE
    _printf_s                                0x00000000   Number         0  stubs.o ABSOLUTE
    _printf_sizespec                         0x00000000   Number         0  stubs.o ABSOLUTE
    _printf_str                              0x00000000   Number         0  stubs.o ABSOLUTE
    _printf_truncate_signed                  0x00000000   Number         0  stubs.o ABSOLUTE
    _printf_truncate_unsigned                0x00000000   Number         0  stubs.o ABSOLUTE
    _printf_u                                0x00000000   Number         0  stubs.o ABSOLUTE
    _printf_wc                               0x00000000   Number         0  stubs.o ABSOLUTE
    _printf_wctomb                           0x00000000   Number         0  stubs.o ABSOLUTE
    _printf_widthprec                        0x00000000   Number         0  stubs.o ABSOLUTE
    _printf_x                                0x00000000   Number         0  stubs.o ABSOLUTE
    __arm_fini_                               - Undefined Weak Reference
    __cpp_initialize__aeabi_                  - Undefined Weak Reference
    __cxa_finalize                            - Undefined Weak Reference
    __decompress                              - Undefined Weak Reference
    _clock_init                               - Undefined Weak Reference
    _microlib_exit                            - Undefined Weak Reference
    __Vectors_Size                           0x00000188   Number         0  startup_stm32f40_41xxx.o ABSOLUTE
    __Vectors                                0x08000000   Data           4  startup_stm32f40_41xxx.o(RESET)
    __Vectors_End                            0x08000188   Data           0  startup_stm32f40_41xxx.o(RESET)
    __main                                   0x08000189   Thumb Code     0  entry.o(.ARM.Collect$$$$00000000)
    _main_stk                                0x08000189   Thumb Code     0  entry2.o(.ARM.Collect$$$$00000001)
    _main_scatterload                        0x0800018d   Thumb Code     0  entry5.o(.ARM.Collect$$$$00000004)
    __main_after_scatterload                 0x08000191   Thumb Code     0  entry5.o(.ARM.Collect$$$$00000004)
    _main_clock                              0x08000191   Thumb Code     0  entry7b.o(.ARM.Collect$$$$00000008)
    _main_cpp_init                           0x08000191   Thumb Code     0  entry8b.o(.ARM.Collect$$$$0000000A)
    _main_init                               0x08000191   Thumb Code     0  entry9a.o(.ARM.Collect$$$$0000000B)
    __rt_lib_shutdown_fini                   0x08000199   Thumb Code     0  entry12b.o(.ARM.Collect$$$$0000000E)
    __rt_final_cpp                           0x0800019d   Thumb Code     0  entry10a.o(.ARM.Collect$$$$0000000F)
    __rt_final_exit                          0x0800019d   Thumb Code     0  entry11a.o(.ARM.Collect$$$$00000011)
    main                                     0x080001a1   Thumb Code   582  main.o(.text)
    NMI_Handler                              0x08000479   Thumb Code     2  stm32f4xx_it.o(.text)
    HardFault_Handler                        0x0800047b   Thumb Code     4  stm32f4xx_it.o(.text)
    MemManage_Handler                        0x0800047f   Thumb Code     4  stm32f4xx_it.o(.text)
    BusFault_Handler                         0x08000483   Thumb Code     4  stm32f4xx_it.o(.text)
    UsageFault_Handler                       0x08000487   Thumb Code     4  stm32f4xx_it.o(.text)
    SVC_Handler                              0x0800048b   Thumb Code     2  stm32f4xx_it.o(.text)
    DebugMon_Handler                         0x0800048d   Thumb Code     2  stm32f4xx_it.o(.text)
    PendSV_Handler                           0x0800048f   Thumb Code     2  stm32f4xx_it.o(.text)
    SysTick_Handler                          0x08000491   Thumb Code     2  stm32f4xx_it.o(.text)
    SystemInit                               0x08000571   Thumb Code    88  system_stm32f4xx.o(.text)
    SystemCoreClockUpdate                    0x080005c9   Thumb Code   174  system_stm32f4xx.o(.text)
    GetStr                                   0x080006a5   Thumb Code  1468  getstr.o(.text)
    MyBufferClear                            0x08000c61   Thumb Code    32  getstr.o(.text)
    ReciveDtaThread                          0x08000c81   Thumb Code    54  getstr.o(.text)
    CharToHex                                0x08000cb7   Thumb Code   182  getstr.o(.text)
    panduan                                  0x08000d6d   Thumb Code   406  getstr.o(.text)
    TIM2_IRQHandler                          0x08000f03   Thumb Code    64  getstr.o(.text)
    TIM3_IRQHandler                          0x08000f43   Thumb Code    70  getstr.o(.text)
    TIM4_IRQHandler                          0x08000f89   Thumb Code    66  getstr.o(.text)
    panduan1                                 0x08000fcb   Thumb Code   282  getstr.o(.text)
    LED_Init                                 0x080010e5   Thumb Code    50  led.o(.text)
    BH1750_IIC_Init                          0x0800111d   Thumb Code    62  bh1750.o(.text)
    BH1750_IIC_Start                         0x0800115b   Thumb Code    82  bh1750.o(.text)
    BH1750_IIC_Stop                          0x080011ad   Thumb Code    68  bh1750.o(.text)
    BH1750_IIC_Wait_Ack                      0x080011f1   Thumb Code    86  bh1750.o(.text)
    BH1750_IIC_Ack                           0x08001247   Thumb Code    72  bh1750.o(.text)
    BH1750_IIC_NAck                          0x0800128f   Thumb Code    72  bh1750.o(.text)
    BH1750_IIC_Send_Byte                     0x080012d7   Thumb Code   112  bh1750.o(.text)
    BH1750_IIC_Read_Byte                     0x08001347   Thumb Code   100  bh1750.o(.text)
    Single_Write_BH1750                      0x080013ab   Thumb Code    26  bh1750.o(.text)
    BH1750_Init                              0x080013c5   Thumb Code    14  bh1750.o(.text)
    BH1750_ReadOneTime                       0x080013d3   Thumb Code    76  bh1750.o(.text)
    BH1750_ReadContinuous1                   0x0800141f   Thumb Code   110  bh1750.o(.text)
    BH1750_ReadContinuous2                   0x0800148d   Thumb Code    76  bh1750.o(.text)
    BH1750_Multiple_Read                     0x080014d9   Thumb Code    50  bh1750.o(.text)
    Conversion                               0x0800150b   Thumb Code    78  bh1750.o(.text)
    BH1750_Read                              0x08001559   Thumb Code     8  bh1750.o(.text)
    Adc_Init                                 0x08001561   Thumb Code   124  soil.o(.text)
    Get_Adc                                  0x080015dd   Thumb Code    44  soil.o(.text)
    Get_Adc_Average                          0x08001609   Thumb Code    46  soil.o(.text)
    SGP30_IIC_Init                           0x08001641   Thumb Code    60  sgp30.o(.text)
    SGP30_IIC_Start                          0x0800167d   Thumb Code    68  sgp30.o(.text)
    SGP30_IIC_Stop                           0x080016c1   Thumb Code    62  sgp30.o(.text)
    SGP30_IIC_Wait_Ack                       0x080016ff   Thumb Code    82  sgp30.o(.text)
    SGP30_IIC_Ack                            0x08001751   Thumb Code    66  sgp30.o(.text)
    SGP30_IIC_NAck                           0x08001793   Thumb Code    66  sgp30.o(.text)
    SGP30_IIC_Send_Byte                      0x080017d5   Thumb Code    90  sgp30.o(.text)
    SGP30_IIC_Read_Byte                      0x0800182f   Thumb Code    94  sgp30.o(.text)
    SGP30_Read                               0x0800188d   Thumb Code    72  sgp30.o(.text)
    SGP30_Write                              0x080018d5   Thumb Code    52  sgp30.o(.text)
    SGP30_Init                               0x08001909   Thumb Code   102  sgp30.o(.text)
    SGP30_Read_Value                         0x0800196f   Thumb Code    30  sgp30.o(.text)
    BMP_IIC_Init                             0x080019b9   Thumb Code    60  bmpiic.o(.text)
    BMP_IIC_Start                            0x080019f5   Thumb Code    68  bmpiic.o(.text)
    BMP_IIC_Stop                             0x08001a39   Thumb Code    62  bmpiic.o(.text)
    BMP_IIC_Wait_Ack                         0x08001a77   Thumb Code    82  bmpiic.o(.text)
    BMP_IIC_Ack                              0x08001ac9   Thumb Code    66  bmpiic.o(.text)
    BMP_IIC_NAck                             0x08001b0b   Thumb Code    66  bmpiic.o(.text)
    BMP_IIC_Send_Byte                        0x08001b4d   Thumb Code    90  bmpiic.o(.text)
    BMP_IIC_Read_Byte                        0x08001ba7   Thumb Code    94  bmpiic.o(.text)
    BMP280_ReadID                            0x08001c79   Thumb Code    10  bmp280.o(.text)
    BMP280_Set_TemOversamp                   0x08001c83   Thumb Code    30  bmp280.o(.text)
    BMP280_Set_Standby_FILTER                0x08001ca1   Thumb Code    30  bmp280.o(.text)
    Bmp_Init                                 0x08001cbf   Thumb Code   368  bmp280.o(.text)
    BMP280_GetStatus                         0x08001e2f   Thumb Code    26  bmp280.o(.text)
    bmp280_compensate_T_double               0x08001e49   Thumb Code   348  bmp280.o(.text)
    bmp280_compensate_P_double               0x08001fa5   Thumb Code   796  bmp280.o(.text)
    BMP280_Get_Pressure                      0x080022c1   Thumb Code    72  bmp280.o(.text)
    BMP280_Get_Temperature                   0x08002309   Thumb Code    72  bmp280.o(.text)
    usart2_Init                              0x0800238d   Thumb Code   174  esp8266.o(.text)
    USART2_IRQHandler                        0x0800243b   Thumb Code   138  esp8266.o(.text)
    ESP8266_Rst                              0x080024c5   Thumb Code    28  esp8266.o(.text)
    ESP8266_Init                             0x080024e1   Thumb Code    72  esp8266.o(.text)
    USART_printf                             0x0800258b   Thumb Code   262  esp8266.o(.text)
    ESP8266_Send_AT_Cmd                      0x08002691   Thumb Code   172  esp8266.o(.text)
    ESP8266_AT_Test                          0x0800273d   Thumb Code    50  esp8266.o(.text)
    ESP8266_Net_Mode_Choose                  0x0800276f   Thumb Code   162  esp8266.o(.text)
    ESP8266_JoinAP                           0x08002811   Thumb Code    40  esp8266.o(.text)
    ESP8266_Enable_MultipleId                0x08002839   Thumb Code    44  esp8266.o(.text)
    ESP8266_Link_Server                      0x08002865   Thumb Code   112  esp8266.o(.text)
    ESP8266_UnvarnishSend                    0x080028d5   Thumb Code    42  esp8266.o(.text)
    ESP8266_SendString                       0x080028ff   Thumb Code   102  esp8266.o(.text)
    ESP8266_ExitUnvarnishSend                0x08002965   Thumb Code    28  esp8266.o(.text)
    ESP8266_Get_LinkStatus                   0x08002981   Thumb Code    66  esp8266.o(.text)
    ESP8266_MQTTUSERCFG                      0x080029c3   Thumb Code    44  esp8266.o(.text)
    ESP8266_MQTTCLIENTID                     0x080029ef   Thumb Code    36  esp8266.o(.text)
    ESP8266_MQTTCONN                         0x08002a13   Thumb Code    40  esp8266.o(.text)
    ESP8266_MQTTSUB                          0x08002a3b   Thumb Code    36  esp8266.o(.text)
    ESP8266_MQTTPUB                          0x08002a5f   Thumb Code    40  esp8266.o(.text)
    ESP8266_MQTTCLEAN                        0x08002a87   Thumb Code    32  esp8266.o(.text)
    MQTT_SendString                          0x08002aa7   Thumb Code    30  esp8266.o(.text)
    ESP8266_STA_MQTTClient_Test              0x08002c79   Thumb Code   104  mqtt.o(.text)
    TIM3_Int_Init                            0x08002dc5   Thumb Code    88  timer.o(.text)
    TIM2_Int_Init                            0x08002e1d   Thumb Code    90  timer.o(.text)
    TIM4_Int_Init                            0x08002e77   Thumb Code    88  timer.o(.text)
    SHT30_Init                               0x08002ed9   Thumb Code    60  sht30.o(.text)
    SHT30_IIC_ACK                            0x08002f15   Thumb Code    78  sht30.o(.text)
    SHT30_IIC_NACK                           0x08002f63   Thumb Code    78  sht30.o(.text)
    SHT30_IIC_wait_ACK                       0x08002fb1   Thumb Code   150  sht30.o(.text)
    SHT30_IIC_Start                          0x08003047   Thumb Code    68  sht30.o(.text)
    SHT30_IIC_Stop                           0x0800308b   Thumb Code    70  sht30.o(.text)
    SHT30_IIC_SendByte                       0x080030d1   Thumb Code   106  sht30.o(.text)
    SHT30_IIC_RcvByte                        0x0800313b   Thumb Code    92  sht30.o(.text)
    SHT30_read_result                        0x08003197   Thumb Code   250  sht30.o(.text)
    delay_init                               0x080032b5   Thumb Code    52  delay.o(.text)
    delay_us                                 0x080032e9   Thumb Code    72  delay.o(.text)
    delay_xms                                0x08003331   Thumb Code    72  delay.o(.text)
    delay_ms                                 0x08003379   Thumb Code    56  delay.o(.text)
    _sys_exit                                0x080033b9   Thumb Code     4  usart.o(.text)
    fputc                                    0x080033bd   Thumb Code    22  usart.o(.text)
    uart_init                                0x080033d3   Thumb Code   164  usart.o(.text)
    USART1_IRQHandler                        0x08003477   Thumb Code   122  usart.o(.text)
    Reset_Handler                            0x08003501   Thumb Code     8  startup_stm32f40_41xxx.o(.text)
    ADC_IRQHandler                           0x0800351b   Thumb Code     0  startup_stm32f40_41xxx.o(.text)
    CAN1_RX0_IRQHandler                      0x0800351b   Thumb Code     0  startup_stm32f40_41xxx.o(.text)
    CAN1_RX1_IRQHandler                      0x0800351b   Thumb Code     0  startup_stm32f40_41xxx.o(.text)
    CAN1_SCE_IRQHandler                      0x0800351b   Thumb Code     0  startup_stm32f40_41xxx.o(.text)
    CAN1_TX_IRQHandler                       0x0800351b   Thumb Code     0  startup_stm32f40_41xxx.o(.text)
    CAN2_RX0_IRQHandler                      0x0800351b   Thumb Code     0  startup_stm32f40_41xxx.o(.text)
    CAN2_RX1_IRQHandler                      0x0800351b   Thumb Code     0  startup_stm32f40_41xxx.o(.text)
    CAN2_SCE_IRQHandler                      0x0800351b   Thumb Code     0  startup_stm32f40_41xxx.o(.text)
    CAN2_TX_IRQHandler                       0x0800351b   Thumb Code     0  startup_stm32f40_41xxx.o(.text)
    CRYP_IRQHandler                          0x0800351b   Thumb Code     0  startup_stm32f40_41xxx.o(.text)
    DCMI_IRQHandler                          0x0800351b   Thumb Code     0  startup_stm32f40_41xxx.o(.text)
    DMA1_Stream0_IRQHandler                  0x0800351b   Thumb Code     0  startup_stm32f40_41xxx.o(.text)
    DMA1_Stream1_IRQHandler                  0x0800351b   Thumb Code     0  startup_stm32f40_41xxx.o(.text)
    DMA1_Stream2_IRQHandler                  0x0800351b   Thumb Code     0  startup_stm32f40_41xxx.o(.text)
    DMA1_Stream3_IRQHandler                  0x0800351b   Thumb Code     0  startup_stm32f40_41xxx.o(.text)
    DMA1_Stream4_IRQHandler                  0x0800351b   Thumb Code     0  startup_stm32f40_41xxx.o(.text)
    DMA1_Stream5_IRQHandler                  0x0800351b   Thumb Code     0  startup_stm32f40_41xxx.o(.text)
    DMA1_Stream6_IRQHandler                  0x0800351b   Thumb Code     0  startup_stm32f40_41xxx.o(.text)
    DMA1_Stream7_IRQHandler                  0x0800351b   Thumb Code     0  startup_stm32f40_41xxx.o(.text)
    DMA2_Stream0_IRQHandler                  0x0800351b   Thumb Code     0  startup_stm32f40_41xxx.o(.text)
    DMA2_Stream1_IRQHandler                  0x0800351b   Thumb Code     0  startup_stm32f40_41xxx.o(.text)
    DMA2_Stream2_IRQHandler                  0x0800351b   Thumb Code     0  startup_stm32f40_41xxx.o(.text)
    DMA2_Stream3_IRQHandler                  0x0800351b   Thumb Code     0  startup_stm32f40_41xxx.o(.text)
    DMA2_Stream4_IRQHandler                  0x0800351b   Thumb Code     0  startup_stm32f40_41xxx.o(.text)
    DMA2_Stream5_IRQHandler                  0x0800351b   Thumb Code     0  startup_stm32f40_41xxx.o(.text)
    DMA2_Stream6_IRQHandler                  0x0800351b   Thumb Code     0  startup_stm32f40_41xxx.o(.text)
    DMA2_Stream7_IRQHandler                  0x0800351b   Thumb Code     0  startup_stm32f40_41xxx.o(.text)
    ETH_IRQHandler                           0x0800351b   Thumb Code     0  startup_stm32f40_41xxx.o(.text)
    ETH_WKUP_IRQHandler                      0x0800351b   Thumb Code     0  startup_stm32f40_41xxx.o(.text)
    EXTI0_IRQHandler                         0x0800351b   Thumb Code     0  startup_stm32f40_41xxx.o(.text)
    EXTI15_10_IRQHandler                     0x0800351b   Thumb Code     0  startup_stm32f40_41xxx.o(.text)
    EXTI1_IRQHandler                         0x0800351b   Thumb Code     0  startup_stm32f40_41xxx.o(.text)
    EXTI2_IRQHandler                         0x0800351b   Thumb Code     0  startup_stm32f40_41xxx.o(.text)
    EXTI3_IRQHandler                         0x0800351b   Thumb Code     0  startup_stm32f40_41xxx.o(.text)
    EXTI4_IRQHandler                         0x0800351b   Thumb Code     0  startup_stm32f40_41xxx.o(.text)
    EXTI9_5_IRQHandler                       0x0800351b   Thumb Code     0  startup_stm32f40_41xxx.o(.text)
    FLASH_IRQHandler                         0x0800351b   Thumb Code     0  startup_stm32f40_41xxx.o(.text)
    FPU_IRQHandler                           0x0800351b   Thumb Code     0  startup_stm32f40_41xxx.o(.text)
    FSMC_IRQHandler                          0x0800351b   Thumb Code     0  startup_stm32f40_41xxx.o(.text)
    HASH_RNG_IRQHandler                      0x0800351b   Thumb Code     0  startup_stm32f40_41xxx.o(.text)
    I2C1_ER_IRQHandler                       0x0800351b   Thumb Code     0  startup_stm32f40_41xxx.o(.text)
    I2C1_EV_IRQHandler                       0x0800351b   Thumb Code     0  startup_stm32f40_41xxx.o(.text)
    I2C2_ER_IRQHandler                       0x0800351b   Thumb Code     0  startup_stm32f40_41xxx.o(.text)
    I2C2_EV_IRQHandler                       0x0800351b   Thumb Code     0  startup_stm32f40_41xxx.o(.text)
    I2C3_ER_IRQHandler                       0x0800351b   Thumb Code     0  startup_stm32f40_41xxx.o(.text)
    I2C3_EV_IRQHandler                       0x0800351b   Thumb Code     0  startup_stm32f40_41xxx.o(.text)
    OTG_FS_IRQHandler                        0x0800351b   Thumb Code     0  startup_stm32f40_41xxx.o(.text)
    OTG_FS_WKUP_IRQHandler                   0x0800351b   Thumb Code     0  startup_stm32f40_41xxx.o(.text)
    OTG_HS_EP1_IN_IRQHandler                 0x0800351b   Thumb Code     0  startup_stm32f40_41xxx.o(.text)
    OTG_HS_EP1_OUT_IRQHandler                0x0800351b   Thumb Code     0  startup_stm32f40_41xxx.o(.text)
    OTG_HS_IRQHandler                        0x0800351b   Thumb Code     0  startup_stm32f40_41xxx.o(.text)
    OTG_HS_WKUP_IRQHandler                   0x0800351b   Thumb Code     0  startup_stm32f40_41xxx.o(.text)
    PVD_IRQHandler                           0x0800351b   Thumb Code     0  startup_stm32f40_41xxx.o(.text)
    RCC_IRQHandler                           0x0800351b   Thumb Code     0  startup_stm32f40_41xxx.o(.text)
    RTC_Alarm_IRQHandler                     0x0800351b   Thumb Code     0  startup_stm32f40_41xxx.o(.text)
    RTC_WKUP_IRQHandler                      0x0800351b   Thumb Code     0  startup_stm32f40_41xxx.o(.text)
    SDIO_IRQHandler                          0x0800351b   Thumb Code     0  startup_stm32f40_41xxx.o(.text)
    SPI1_IRQHandler                          0x0800351b   Thumb Code     0  startup_stm32f40_41xxx.o(.text)
    SPI2_IRQHandler                          0x0800351b   Thumb Code     0  startup_stm32f40_41xxx.o(.text)
    SPI3_IRQHandler                          0x0800351b   Thumb Code     0  startup_stm32f40_41xxx.o(.text)
    TAMP_STAMP_IRQHandler                    0x0800351b   Thumb Code     0  startup_stm32f40_41xxx.o(.text)
    TIM1_BRK_TIM9_IRQHandler                 0x0800351b   Thumb Code     0  startup_stm32f40_41xxx.o(.text)
    TIM1_CC_IRQHandler                       0x0800351b   Thumb Code     0  startup_stm32f40_41xxx.o(.text)
    TIM1_TRG_COM_TIM11_IRQHandler            0x0800351b   Thumb Code     0  startup_stm32f40_41xxx.o(.text)
    TIM1_UP_TIM10_IRQHandler                 0x0800351b   Thumb Code     0  startup_stm32f40_41xxx.o(.text)
    TIM5_IRQHandler                          0x0800351b   Thumb Code     0  startup_stm32f40_41xxx.o(.text)
    TIM6_DAC_IRQHandler                      0x0800351b   Thumb Code     0  startup_stm32f40_41xxx.o(.text)
    TIM7_IRQHandler                          0x0800351b   Thumb Code     0  startup_stm32f40_41xxx.o(.text)
    TIM8_BRK_TIM12_IRQHandler                0x0800351b   Thumb Code     0  startup_stm32f40_41xxx.o(.text)
    TIM8_CC_IRQHandler                       0x0800351b   Thumb Code     0  startup_stm32f40_41xxx.o(.text)
    TIM8_TRG_COM_TIM14_IRQHandler            0x0800351b   Thumb Code     0  startup_stm32f40_41xxx.o(.text)
    TIM8_UP_TIM13_IRQHandler                 0x0800351b   Thumb Code     0  startup_stm32f40_41xxx.o(.text)
    UART4_IRQHandler                         0x0800351b   Thumb Code     0  startup_stm32f40_41xxx.o(.text)
    UART5_IRQHandler                         0x0800351b   Thumb Code     0  startup_stm32f40_41xxx.o(.text)
    USART3_IRQHandler                        0x0800351b   Thumb Code     0  startup_stm32f40_41xxx.o(.text)
    USART6_IRQHandler                        0x0800351b   Thumb Code     0  startup_stm32f40_41xxx.o(.text)
    WWDG_IRQHandler                          0x0800351b   Thumb Code     0  startup_stm32f40_41xxx.o(.text)
    NVIC_PriorityGroupConfig                 0x08003525   Thumb Code    10  misc.o(.text)
    NVIC_Init                                0x0800352f   Thumb Code   106  misc.o(.text)
    NVIC_SetVectorTable                      0x08003599   Thumb Code    14  misc.o(.text)
    NVIC_SystemLPConfig                      0x080035a7   Thumb Code    34  misc.o(.text)
    SysTick_CLKSourceConfig                  0x080035c9   Thumb Code    40  misc.o(.text)
    ADC_DeInit                               0x08003605   Thumb Code    22  stm32f4xx_adc.o(.text)
    ADC_Init                                 0x0800361b   Thumb Code    74  stm32f4xx_adc.o(.text)
    ADC_StructInit                           0x08003665   Thumb Code    20  stm32f4xx_adc.o(.text)
    ADC_CommonInit                           0x08003679   Thumb Code    34  stm32f4xx_adc.o(.text)
    ADC_CommonStructInit                     0x0800369b   Thumb Code    12  stm32f4xx_adc.o(.text)
    ADC_Cmd                                  0x080036a7   Thumb Code    22  stm32f4xx_adc.o(.text)
    ADC_AnalogWatchdogCmd                    0x080036bd   Thumb Code    16  stm32f4xx_adc.o(.text)
    ADC_AnalogWatchdogThresholdsConfig       0x080036cd   Thumb Code     6  stm32f4xx_adc.o(.text)
    ADC_AnalogWatchdogSingleChannelConfig    0x080036d3   Thumb Code    16  stm32f4xx_adc.o(.text)
    ADC_TempSensorVrefintCmd                 0x080036e3   Thumb Code    34  stm32f4xx_adc.o(.text)
    ADC_VBATCmd                              0x08003705   Thumb Code    34  stm32f4xx_adc.o(.text)
    ADC_RegularChannelConfig                 0x08003727   Thumb Code   184  stm32f4xx_adc.o(.text)
    ADC_SoftwareStartConv                    0x080037df   Thumb Code    10  stm32f4xx_adc.o(.text)
    ADC_GetSoftwareStartConvStatus           0x080037e9   Thumb Code    20  stm32f4xx_adc.o(.text)
    ADC_EOCOnEachRegularChannelCmd           0x080037fd   Thumb Code    22  stm32f4xx_adc.o(.text)
    ADC_ContinuousModeCmd                    0x08003813   Thumb Code    22  stm32f4xx_adc.o(.text)
    ADC_DiscModeChannelCountConfig           0x08003829   Thumb Code    24  stm32f4xx_adc.o(.text)
    ADC_DiscModeCmd                          0x08003841   Thumb Code    22  stm32f4xx_adc.o(.text)
    ADC_GetConversionValue                   0x08003857   Thumb Code     8  stm32f4xx_adc.o(.text)
    ADC_GetMultiModeConversionValue          0x0800385f   Thumb Code     8  stm32f4xx_adc.o(.text)
    ADC_DMACmd                               0x08003867   Thumb Code    22  stm32f4xx_adc.o(.text)
    ADC_DMARequestAfterLastTransferCmd       0x0800387d   Thumb Code    22  stm32f4xx_adc.o(.text)
    ADC_MultiModeDMARequestAfterLastTransferCmd 0x08003893   Thumb Code    34  stm32f4xx_adc.o(.text)
    ADC_InjectedChannelConfig                0x080038b5   Thumb Code   130  stm32f4xx_adc.o(.text)
    ADC_InjectedSequencerLengthConfig        0x08003937   Thumb Code    24  stm32f4xx_adc.o(.text)
    ADC_SetInjectedOffset                    0x0800394f   Thumb Code    20  stm32f4xx_adc.o(.text)
    ADC_ExternalTrigInjectedConvConfig       0x08003963   Thumb Code    16  stm32f4xx_adc.o(.text)
    ADC_ExternalTrigInjectedConvEdgeConfig   0x08003973   Thumb Code    16  stm32f4xx_adc.o(.text)
    ADC_SoftwareStartInjectedConv            0x08003983   Thumb Code    10  stm32f4xx_adc.o(.text)
    ADC_GetSoftwareStartInjectedConvCmdStatus 0x0800398d   Thumb Code    20  stm32f4xx_adc.o(.text)
    ADC_AutoInjectedConvCmd                  0x080039a1   Thumb Code    22  stm32f4xx_adc.o(.text)
    ADC_InjectedDiscModeCmd                  0x080039b7   Thumb Code    22  stm32f4xx_adc.o(.text)
    ADC_GetInjectedConversionValue           0x080039cd   Thumb Code    28  stm32f4xx_adc.o(.text)
    ADC_ITConfig                             0x080039e9   Thumb Code    56  stm32f4xx_adc.o(.text)
    ADC_GetFlagStatus                        0x08003a21   Thumb Code    18  stm32f4xx_adc.o(.text)
    ADC_ClearFlag                            0x08003a33   Thumb Code     6  stm32f4xx_adc.o(.text)
    ADC_GetITStatus                          0x08003a39   Thumb Code    38  stm32f4xx_adc.o(.text)
    ADC_ClearITPendingBit                    0x08003a5f   Thumb Code    10  stm32f4xx_adc.o(.text)
    GPIO_DeInit                              0x08003a69   Thumb Code   268  stm32f4xx_gpio.o(.text)
    GPIO_Init                                0x08003b75   Thumb Code   144  stm32f4xx_gpio.o(.text)
    GPIO_StructInit                          0x08003c05   Thumb Code    18  stm32f4xx_gpio.o(.text)
    GPIO_PinLockConfig                       0x08003c17   Thumb Code    34  stm32f4xx_gpio.o(.text)
    GPIO_ReadInputDataBit                    0x08003c39   Thumb Code    18  stm32f4xx_gpio.o(.text)
    GPIO_ReadInputData                       0x08003c4b   Thumb Code     8  stm32f4xx_gpio.o(.text)
    GPIO_ReadOutputDataBit                   0x08003c53   Thumb Code    18  stm32f4xx_gpio.o(.text)
    GPIO_ReadOutputData                      0x08003c65   Thumb Code     8  stm32f4xx_gpio.o(.text)
    GPIO_SetBits                             0x08003c6d   Thumb Code     4  stm32f4xx_gpio.o(.text)
    GPIO_ResetBits                           0x08003c71   Thumb Code     4  stm32f4xx_gpio.o(.text)
    GPIO_WriteBit                            0x08003c75   Thumb Code    10  stm32f4xx_gpio.o(.text)
    GPIO_Write                               0x08003c7f   Thumb Code     4  stm32f4xx_gpio.o(.text)
    GPIO_ToggleBits                          0x08003c83   Thumb Code     8  stm32f4xx_gpio.o(.text)
    GPIO_PinAFConfig                         0x08003c8b   Thumb Code    70  stm32f4xx_gpio.o(.text)
    RCC_DeInit                               0x08003cfd   Thumb Code    82  stm32f4xx_rcc.o(.text)
    RCC_HSEConfig                            0x08003d4f   Thumb Code    14  stm32f4xx_rcc.o(.text)
    RCC_GetFlagStatus                        0x08003d5d   Thumb Code    60  stm32f4xx_rcc.o(.text)
    RCC_WaitForHSEStartUp                    0x08003d99   Thumb Code    56  stm32f4xx_rcc.o(.text)
    RCC_AdjustHSICalibrationValue            0x08003dd1   Thumb Code    20  stm32f4xx_rcc.o(.text)
    RCC_HSICmd                               0x08003de5   Thumb Code     6  stm32f4xx_rcc.o(.text)
    RCC_LSEConfig                            0x08003deb   Thumb Code    46  stm32f4xx_rcc.o(.text)
    RCC_LSICmd                               0x08003e19   Thumb Code     6  stm32f4xx_rcc.o(.text)
    RCC_PLLConfig                            0x08003e1f   Thumb Code    32  stm32f4xx_rcc.o(.text)
    RCC_PLLCmd                               0x08003e3f   Thumb Code     6  stm32f4xx_rcc.o(.text)
    RCC_PLLI2SConfig                         0x08003e45   Thumb Code    14  stm32f4xx_rcc.o(.text)
    RCC_PLLI2SCmd                            0x08003e53   Thumb Code     6  stm32f4xx_rcc.o(.text)
    RCC_PLLSAIConfig                         0x08003e59   Thumb Code    20  stm32f4xx_rcc.o(.text)
    RCC_PLLSAICmd                            0x08003e6d   Thumb Code     6  stm32f4xx_rcc.o(.text)
    RCC_ClockSecuritySystemCmd               0x08003e73   Thumb Code     6  stm32f4xx_rcc.o(.text)
    RCC_MCO1Config                           0x08003e79   Thumb Code    28  stm32f4xx_rcc.o(.text)
    RCC_MCO2Config                           0x08003e95   Thumb Code    28  stm32f4xx_rcc.o(.text)
    RCC_SYSCLKConfig                         0x08003eb1   Thumb Code    20  stm32f4xx_rcc.o(.text)
    RCC_GetSYSCLKSource                      0x08003ec5   Thumb Code    12  stm32f4xx_rcc.o(.text)
    RCC_HCLKConfig                           0x08003ed1   Thumb Code    20  stm32f4xx_rcc.o(.text)
    RCC_PCLK1Config                          0x08003ee5   Thumb Code    20  stm32f4xx_rcc.o(.text)
    RCC_PCLK2Config                          0x08003ef9   Thumb Code    22  stm32f4xx_rcc.o(.text)
    RCC_GetClocksFreq                        0x08003f0f   Thumb Code   222  stm32f4xx_rcc.o(.text)
    RCC_RTCCLKConfig                         0x08003fed   Thumb Code    54  stm32f4xx_rcc.o(.text)
    RCC_RTCCLKCmd                            0x08004023   Thumb Code     8  stm32f4xx_rcc.o(.text)
    RCC_BackupResetCmd                       0x0800402b   Thumb Code     8  stm32f4xx_rcc.o(.text)
    RCC_I2SCLKConfig                         0x08004033   Thumb Code     6  stm32f4xx_rcc.o(.text)
    RCC_SAIPLLI2SClkDivConfig                0x08004039   Thumb Code    26  stm32f4xx_rcc.o(.text)
    RCC_SAIPLLSAIClkDivConfig                0x08004053   Thumb Code    28  stm32f4xx_rcc.o(.text)
    RCC_SAIBlockACLKConfig                   0x0800406f   Thumb Code    20  stm32f4xx_rcc.o(.text)
    RCC_SAIBlockBCLKConfig                   0x08004083   Thumb Code    20  stm32f4xx_rcc.o(.text)
    RCC_LTDCCLKDivConfig                     0x08004097   Thumb Code    20  stm32f4xx_rcc.o(.text)
    RCC_TIMCLKPresConfig                     0x080040ab   Thumb Code     6  stm32f4xx_rcc.o(.text)
    RCC_AHB1PeriphClockCmd                   0x080040b1   Thumb Code    34  stm32f4xx_rcc.o(.text)
    RCC_AHB2PeriphClockCmd                   0x080040d3   Thumb Code    78  stm32f4xx_rcc.o(.text)
    RCC_AHB3PeriphClockCmd                   0x08004121   Thumb Code    34  stm32f4xx_rcc.o(.text)
    RCC_APB1PeriphClockCmd                   0x08004143   Thumb Code    34  stm32f4xx_rcc.o(.text)
    RCC_APB2PeriphClockCmd                   0x08004165   Thumb Code    34  stm32f4xx_rcc.o(.text)
    RCC_AHB1PeriphResetCmd                   0x08004187   Thumb Code    34  stm32f4xx_rcc.o(.text)
    RCC_AHB2PeriphResetCmd                   0x080041a9   Thumb Code    34  stm32f4xx_rcc.o(.text)
    RCC_AHB3PeriphResetCmd                   0x080041cb   Thumb Code    34  stm32f4xx_rcc.o(.text)
    RCC_APB1PeriphResetCmd                   0x080041ed   Thumb Code    34  stm32f4xx_rcc.o(.text)
    RCC_APB2PeriphResetCmd                   0x0800420f   Thumb Code    34  stm32f4xx_rcc.o(.text)
    RCC_AHB1PeriphClockLPModeCmd             0x08004231   Thumb Code    34  stm32f4xx_rcc.o(.text)
    RCC_AHB2PeriphClockLPModeCmd             0x08004253   Thumb Code    34  stm32f4xx_rcc.o(.text)
    RCC_AHB3PeriphClockLPModeCmd             0x08004275   Thumb Code    34  stm32f4xx_rcc.o(.text)
    RCC_APB1PeriphClockLPModeCmd             0x08004297   Thumb Code    34  stm32f4xx_rcc.o(.text)
    RCC_APB2PeriphClockLPModeCmd             0x080042b9   Thumb Code    34  stm32f4xx_rcc.o(.text)
    RCC_LSEModeConfig                        0x080042db   Thumb Code    40  stm32f4xx_rcc.o(.text)
    RCC_ITConfig                             0x08004303   Thumb Code    34  stm32f4xx_rcc.o(.text)
    RCC_ClearFlag                            0x08004325   Thumb Code    18  stm32f4xx_rcc.o(.text)
    RCC_GetITStatus                          0x08004337   Thumb Code    22  stm32f4xx_rcc.o(.text)
    RCC_ClearITPendingBit                    0x0800434d   Thumb Code     8  stm32f4xx_rcc.o(.text)
    TIM_DeInit                               0x08004359   Thumb Code   346  stm32f4xx_tim.o(.text)
    TIM_TimeBaseInit                         0x080044b3   Thumb Code   104  stm32f4xx_tim.o(.text)
    TIM_TimeBaseStructInit                   0x0800451b   Thumb Code    18  stm32f4xx_tim.o(.text)
    TIM_PrescalerConfig                      0x0800452d   Thumb Code     6  stm32f4xx_tim.o(.text)
    TIM_CounterModeConfig                    0x08004533   Thumb Code    18  stm32f4xx_tim.o(.text)
    TIM_SetCounter                           0x08004545   Thumb Code     4  stm32f4xx_tim.o(.text)
    TIM_SetAutoreload                        0x08004549   Thumb Code     4  stm32f4xx_tim.o(.text)
    TIM_GetCounter                           0x0800454d   Thumb Code     6  stm32f4xx_tim.o(.text)
    TIM_GetPrescaler                         0x08004553   Thumb Code     6  stm32f4xx_tim.o(.text)
    TIM_UpdateDisableConfig                  0x08004559   Thumb Code    24  stm32f4xx_tim.o(.text)
    TIM_UpdateRequestConfig                  0x08004571   Thumb Code    24  stm32f4xx_tim.o(.text)
    TIM_ARRPreloadConfig                     0x08004589   Thumb Code    24  stm32f4xx_tim.o(.text)
    TIM_SelectOnePulseMode                   0x080045a1   Thumb Code    18  stm32f4xx_tim.o(.text)
    TIM_SetClockDivision                     0x080045b3   Thumb Code    18  stm32f4xx_tim.o(.text)
    TIM_Cmd                                  0x080045c5   Thumb Code    24  stm32f4xx_tim.o(.text)
    TIM_OC1Init                              0x080045dd   Thumb Code   114  stm32f4xx_tim.o(.text)
    TIM_OC2Init                              0x0800464f   Thumb Code   154  stm32f4xx_tim.o(.text)
    TIM_OC3Init                              0x080046e9   Thumb Code   204  stm32f4xx_tim.o(.text)
    TIM_OC4Init                              0x080047b5   Thumb Code   112  stm32f4xx_tim.o(.text)
    TIM_OCStructInit                         0x08004825   Thumb Code    20  stm32f4xx_tim.o(.text)
    TIM_SelectOCxM                           0x08004839   Thumb Code    86  stm32f4xx_tim.o(.text)
    TIM_SetCompare1                          0x0800488f   Thumb Code     4  stm32f4xx_tim.o(.text)
    TIM_SetCompare2                          0x08004893   Thumb Code     4  stm32f4xx_tim.o(.text)
    TIM_SetCompare3                          0x08004897   Thumb Code     4  stm32f4xx_tim.o(.text)
    TIM_SetCompare4                          0x0800489b   Thumb Code     4  stm32f4xx_tim.o(.text)
    TIM_ForcedOC1Config                      0x0800489f   Thumb Code    18  stm32f4xx_tim.o(.text)
    TIM_ForcedOC2Config                      0x080048b1   Thumb Code    26  stm32f4xx_tim.o(.text)
    TIM_ForcedOC3Config                      0x080048cb   Thumb Code    18  stm32f4xx_tim.o(.text)
    TIM_ForcedOC4Config                      0x080048dd   Thumb Code    26  stm32f4xx_tim.o(.text)
    TIM_OC1PreloadConfig                     0x080048f7   Thumb Code    18  stm32f4xx_tim.o(.text)
    TIM_OC2PreloadConfig                     0x08004909   Thumb Code    26  stm32f4xx_tim.o(.text)
    TIM_OC3PreloadConfig                     0x08004923   Thumb Code    18  stm32f4xx_tim.o(.text)
    TIM_OC4PreloadConfig                     0x08004935   Thumb Code    26  stm32f4xx_tim.o(.text)
    TIM_OC1FastConfig                        0x0800494f   Thumb Code    18  stm32f4xx_tim.o(.text)
    TIM_OC2FastConfig                        0x08004961   Thumb Code    26  stm32f4xx_tim.o(.text)
    TIM_OC3FastConfig                        0x0800497b   Thumb Code    18  stm32f4xx_tim.o(.text)
    TIM_OC4FastConfig                        0x0800498d   Thumb Code    26  stm32f4xx_tim.o(.text)
    TIM_ClearOC1Ref                          0x080049a7   Thumb Code    18  stm32f4xx_tim.o(.text)
    TIM_ClearOC2Ref                          0x080049b9   Thumb Code    24  stm32f4xx_tim.o(.text)
    TIM_ClearOC3Ref                          0x080049d1   Thumb Code    18  stm32f4xx_tim.o(.text)
    TIM_ClearOC4Ref                          0x080049e3   Thumb Code    24  stm32f4xx_tim.o(.text)
    TIM_OC1PolarityConfig                    0x080049fb   Thumb Code    18  stm32f4xx_tim.o(.text)
    TIM_OC1NPolarityConfig                   0x08004a0d   Thumb Code    18  stm32f4xx_tim.o(.text)
    TIM_OC2PolarityConfig                    0x08004a1f   Thumb Code    26  stm32f4xx_tim.o(.text)
    TIM_OC2NPolarityConfig                   0x08004a39   Thumb Code    26  stm32f4xx_tim.o(.text)
    TIM_OC3PolarityConfig                    0x08004a53   Thumb Code    26  stm32f4xx_tim.o(.text)
    TIM_OC3NPolarityConfig                   0x08004a6d   Thumb Code    26  stm32f4xx_tim.o(.text)
    TIM_OC4PolarityConfig                    0x08004a87   Thumb Code    26  stm32f4xx_tim.o(.text)
    TIM_CCxCmd                               0x08004aa1   Thumb Code    30  stm32f4xx_tim.o(.text)
    TIM_CCxNCmd                              0x08004abf   Thumb Code    30  stm32f4xx_tim.o(.text)
    TIM_SetIC4Prescaler                      0x08004add   Thumb Code    26  stm32f4xx_tim.o(.text)
    TIM_SetIC3Prescaler                      0x08004b47   Thumb Code    18  stm32f4xx_tim.o(.text)
    TIM_SetIC2Prescaler                      0x08004ba1   Thumb Code    26  stm32f4xx_tim.o(.text)
    TIM_SetIC1Prescaler                      0x08004c15   Thumb Code    18  stm32f4xx_tim.o(.text)
    TIM_ICInit                               0x08004c61   Thumb Code   110  stm32f4xx_tim.o(.text)
    TIM_ICStructInit                         0x08004ccf   Thumb Code    18  stm32f4xx_tim.o(.text)
    TIM_PWMIConfig                           0x08004ce1   Thumb Code   124  stm32f4xx_tim.o(.text)
    TIM_GetCapture1                          0x08004d5d   Thumb Code     6  stm32f4xx_tim.o(.text)
    TIM_GetCapture2                          0x08004d63   Thumb Code     6  stm32f4xx_tim.o(.text)
    TIM_GetCapture3                          0x08004d69   Thumb Code     6  stm32f4xx_tim.o(.text)
    TIM_GetCapture4                          0x08004d6f   Thumb Code     6  stm32f4xx_tim.o(.text)
    TIM_BDTRConfig                           0x08004d75   Thumb Code    32  stm32f4xx_tim.o(.text)
    TIM_BDTRStructInit                       0x08004d95   Thumb Code    18  stm32f4xx_tim.o(.text)
    TIM_CtrlPWMOutputs                       0x08004da7   Thumb Code    30  stm32f4xx_tim.o(.text)
    TIM_SelectCOM                            0x08004dc5   Thumb Code    24  stm32f4xx_tim.o(.text)
    TIM_CCPreloadControl                     0x08004ddd   Thumb Code    24  stm32f4xx_tim.o(.text)
    TIM_ITConfig                             0x08004df5   Thumb Code    18  stm32f4xx_tim.o(.text)
    TIM_GenerateEvent                        0x08004e07   Thumb Code     4  stm32f4xx_tim.o(.text)
    TIM_GetFlagStatus                        0x08004e0b   Thumb Code    18  stm32f4xx_tim.o(.text)
    TIM_ClearFlag                            0x08004e1d   Thumb Code     6  stm32f4xx_tim.o(.text)
    TIM_GetITStatus                          0x08004e23   Thumb Code    34  stm32f4xx_tim.o(.text)
    TIM_ClearITPendingBit                    0x08004e45   Thumb Code     6  stm32f4xx_tim.o(.text)
    TIM_DMAConfig                            0x08004e4b   Thumb Code    10  stm32f4xx_tim.o(.text)
    TIM_DMACmd                               0x08004e55   Thumb Code    18  stm32f4xx_tim.o(.text)
    TIM_SelectCCDMA                          0x08004e67   Thumb Code    24  stm32f4xx_tim.o(.text)
    TIM_InternalClockConfig                  0x08004e7f   Thumb Code    12  stm32f4xx_tim.o(.text)
    TIM_SelectInputTrigger                   0x08004e8b   Thumb Code    18  stm32f4xx_tim.o(.text)
    TIM_ITRxExternalClockConfig              0x08004e9d   Thumb Code    24  stm32f4xx_tim.o(.text)
    TIM_TIxExternalClockConfig               0x08004eb5   Thumb Code    62  stm32f4xx_tim.o(.text)
    TIM_ETRConfig                            0x08004ef3   Thumb Code    28  stm32f4xx_tim.o(.text)
    TIM_ETRClockMode1Config                  0x08004f0f   Thumb Code    54  stm32f4xx_tim.o(.text)
    TIM_ETRClockMode2Config                  0x08004f45   Thumb Code    32  stm32f4xx_tim.o(.text)
    TIM_SelectOutputTrigger                  0x08004f65   Thumb Code    18  stm32f4xx_tim.o(.text)
    TIM_SelectSlaveMode                      0x08004f77   Thumb Code    18  stm32f4xx_tim.o(.text)
    TIM_SelectMasterSlaveMode                0x08004f89   Thumb Code    18  stm32f4xx_tim.o(.text)
    TIM_EncoderInterfaceConfig               0x08004f9b   Thumb Code    66  stm32f4xx_tim.o(.text)
    TIM_SelectHallSensor                     0x08004fdd   Thumb Code    24  stm32f4xx_tim.o(.text)
    TIM_RemapConfig                          0x08004ff5   Thumb Code     6  stm32f4xx_tim.o(.text)
    USART_DeInit                             0x08004ffd   Thumb Code   206  stm32f4xx_usart.o(.text)
    USART_Init                               0x080050cb   Thumb Code   204  stm32f4xx_usart.o(.text)
    USART_StructInit                         0x08005197   Thumb Code    24  stm32f4xx_usart.o(.text)
    USART_ClockInit                          0x080051af   Thumb Code    32  stm32f4xx_usart.o(.text)
    USART_ClockStructInit                    0x080051cf   Thumb Code    12  stm32f4xx_usart.o(.text)
    USART_Cmd                                0x080051db   Thumb Code    24  stm32f4xx_usart.o(.text)
    USART_SetPrescaler                       0x080051f3   Thumb Code    16  stm32f4xx_usart.o(.text)
    USART_OverSampling8Cmd                   0x08005203   Thumb Code    22  stm32f4xx_usart.o(.text)
    USART_OneBitMethodCmd                    0x08005219   Thumb Code    24  stm32f4xx_usart.o(.text)
    USART_SendData                           0x08005231   Thumb Code     8  stm32f4xx_usart.o(.text)
    USART_ReceiveData                        0x08005239   Thumb Code    10  stm32f4xx_usart.o(.text)
    USART_SetAddress                         0x08005243   Thumb Code    18  stm32f4xx_usart.o(.text)
    USART_ReceiverWakeUpCmd                  0x08005255   Thumb Code    24  stm32f4xx_usart.o(.text)
    USART_WakeUpConfig                       0x0800526d   Thumb Code    18  stm32f4xx_usart.o(.text)
    USART_LINBreakDetectLengthConfig         0x0800527f   Thumb Code    18  stm32f4xx_usart.o(.text)
    USART_LINCmd                             0x08005291   Thumb Code    24  stm32f4xx_usart.o(.text)
    USART_SendBreak                          0x080052a9   Thumb Code    10  stm32f4xx_usart.o(.text)
    USART_HalfDuplexCmd                      0x080052b3   Thumb Code    24  stm32f4xx_usart.o(.text)
    USART_SetGuardTime                       0x080052cb   Thumb Code    16  stm32f4xx_usart.o(.text)
    USART_SmartCardCmd                       0x080052db   Thumb Code    24  stm32f4xx_usart.o(.text)
    USART_SmartCardNACKCmd                   0x080052f3   Thumb Code    24  stm32f4xx_usart.o(.text)
    USART_IrDAConfig                         0x0800530b   Thumb Code    18  stm32f4xx_usart.o(.text)
    USART_IrDACmd                            0x0800531d   Thumb Code    24  stm32f4xx_usart.o(.text)
    USART_DMACmd                             0x08005335   Thumb Code    18  stm32f4xx_usart.o(.text)
    USART_ITConfig                           0x08005347   Thumb Code    74  stm32f4xx_usart.o(.text)
    USART_GetFlagStatus                      0x08005391   Thumb Code    26  stm32f4xx_usart.o(.text)
    USART_ClearFlag                          0x080053ab   Thumb Code    18  stm32f4xx_usart.o(.text)
    USART_GetITStatus                        0x080053bd   Thumb Code   118  stm32f4xx_usart.o(.text)
    USART_ClearITPendingBit                  0x08005433   Thumb Code    30  stm32f4xx_usart.o(.text)
    __aeabi_memset                           0x08005451   Thumb Code    14  memseta.o(.text)
    __aeabi_memset4                          0x08005451   Thumb Code     0  memseta.o(.text)
    __aeabi_memset8                          0x08005451   Thumb Code     0  memseta.o(.text)
    __aeabi_memclr                           0x0800545f   Thumb Code     4  memseta.o(.text)
    __aeabi_memclr4                          0x0800545f   Thumb Code     0  memseta.o(.text)
    __aeabi_memclr8                          0x0800545f   Thumb Code     0  memseta.o(.text)
    _memset$wrapper                          0x08005463   Thumb Code    18  memseta.o(.text)
    strstr                                   0x08005475   Thumb Code    36  strstr.o(.text)
    atol                                     0x08005499   Thumb Code    26  atol.o(.text)
    __aeabi_dadd                             0x080054b3   Thumb Code   322  dadd.o(.text)
    __aeabi_dsub                             0x080055f5   Thumb Code     6  dadd.o(.text)
    __aeabi_drsub                            0x080055fb   Thumb Code     6  dadd.o(.text)
    __aeabi_dmul                             0x08005601   Thumb Code   228  dmul.o(.text)
    __aeabi_ddiv                             0x080056e5   Thumb Code   222  ddiv.o(.text)
    __aeabi_i2d                              0x080057c3   Thumb Code    34  dflti.o(.text)
    __aeabi_ui2d                             0x080057e5   Thumb Code    26  dfltui.o(.text)
    __aeabi_d2iz                             0x080057ff   Thumb Code    62  dfixi.o(.text)
    __aeabi_f2d                              0x0800583d   Thumb Code    38  f2d.o(.text)
    __aeabi_cdcmpeq                          0x08005865   Thumb Code     0  cdcmple.o(.text)
    __aeabi_cdcmple                          0x08005865   Thumb Code    48  cdcmple.o(.text)
    __aeabi_d2f                              0x08005895   Thumb Code    56  d2f.o(.text)
    __aeabi_uidiv                            0x080058cd   Thumb Code     0  uidiv.o(.text)
    __aeabi_uidivmod                         0x080058cd   Thumb Code    44  uidiv.o(.text)
    __aeabi_uldivmod                         0x080058f9   Thumb Code    98  uldiv.o(.text)
    __aeabi_llsl                             0x0800595b   Thumb Code    30  llshl.o(.text)
    _ll_shift_l                              0x0800595b   Thumb Code     0  llshl.o(.text)
    __aeabi_llsr                             0x08005979   Thumb Code    32  llushr.o(.text)
    _ll_ushift_r                             0x08005979   Thumb Code     0  llushr.o(.text)
    __aeabi_lasr                             0x08005999   Thumb Code    36  llsshr.o(.text)
    _ll_sshift_r                             0x08005999   Thumb Code     0  llsshr.o(.text)
    strtol                                   0x080059bd   Thumb Code   112  strtol.o(.text)
    __I$use$fp                               0x08005a2d   Thumb Code     0  iusefp.o(.text)
    _float_round                             0x08005a2d   Thumb Code    18  fepilogue.o(.text)
    _float_epilogue                          0x08005a3f   Thumb Code    92  fepilogue.o(.text)
    _double_round                            0x08005a9b   Thumb Code    30  depilogue.o(.text)
    _double_epilogue                         0x08005ab9   Thumb Code   156  depilogue.o(.text)
    __aeabi_d2ulz                            0x08005b55   Thumb Code    48  dfixul.o(.text)
    __aeabi_cdrcmple                         0x08005b85   Thumb Code    48  cdrcmple.o(.text)
    __scatterload                            0x08005bb5   Thumb Code    28  init.o(.text)
    __scatterload_rt2                        0x08005bb5   Thumb Code     0  init.o(.text)
    __rt_ctype_table                         0x08005bd9   Thumb Code     4  ctype_o.o(.text)
    _strtoul                                 0x08005be1   Thumb Code   158  _strtoul.o(.text)
    _chval                                   0x08005c7f   Thumb Code    28  _chval.o(.text)
    __0printf                                0x08005c9d   Thumb Code    22  printfa.o(i.__0printf)
    __1printf                                0x08005c9d   Thumb Code     0  printfa.o(i.__0printf)
    __2printf                                0x08005c9d   Thumb Code     0  printfa.o(i.__0printf)
    __c89printf                              0x08005c9d   Thumb Code     0  printfa.o(i.__0printf)
    printf                                   0x08005c9d   Thumb Code     0  printfa.o(i.__0printf)
    __0sprintf                               0x08005cbd   Thumb Code    34  printfa.o(i.__0sprintf)
    __1sprintf                               0x08005cbd   Thumb Code     0  printfa.o(i.__0sprintf)
    __2sprintf                               0x08005cbd   Thumb Code     0  printfa.o(i.__0sprintf)
    __c89sprintf                             0x08005cbd   Thumb Code     0  printfa.o(i.__0sprintf)
    sprintf                                  0x08005cbd   Thumb Code     0  printfa.o(i.__0sprintf)
    __aeabi_errno_addr                       0x08005ce5   Thumb Code     4  errno.o(i.__aeabi_errno_addr)
    __rt_errno_addr                          0x08005ce5   Thumb Code     0  errno.o(i.__aeabi_errno_addr)
    __scatterload_copy                       0x08005ced   Thumb Code    14  handlers.o(i.__scatterload_copy)
    __scatterload_null                       0x08005cfb   Thumb Code     2  handlers.o(i.__scatterload_null)
    __scatterload_zeroinit                   0x08005cfd   Thumb Code    14  handlers.o(i.__scatterload_zeroinit)
    __ctype_table                            0x080065a0   Data         129  ctype_o.o(.constdata)
    Region$$Table$$Base                      0x08006a74   Number         0  anon$$obj.o(Region$$Table)
    Region$$Table$$Limit                     0x08006a94   Number         0  anon$$obj.o(Region$$Table)
    SystemCoreClock                          0x20000000   Data           4  system_stm32f4xx.o(.data)
    AHBPrescTable                            0x20000004   Data          16  system_stm32f4xx.o(.data)
    strx                                     0x20000014   Data           4  getstr.o(.data)
    busyp                                    0x20000018   Data           4  getstr.o(.data)
    error1                                   0x2000001c   Data           4  getstr.o(.data)
    wtd1                                     0x20000020   Data           4  getstr.o(.data)
    g                                        0x20000024   Data           1  getstr.o(.data)
    BMP_Pressure                             0x20000028   Data           4  getstr.o(.data)
    BMP_Temperature                          0x2000002c   Data           4  getstr.o(.data)
    j                                        0x20000030   Data           4  getstr.o(.data)
    m                                        0x20000034   Data           4  getstr.o(.data)
    n                                        0x20000038   Data           4  getstr.o(.data)
    nn                                       0x2000003c   Data           4  getstr.o(.data)
    mm                                       0x20000040   Data           4  getstr.o(.data)
    kk                                       0x20000044   Data           4  getstr.o(.data)
    i                                        0x20000048   Data           4  getstr.o(.data)
    x                                        0x2000004c   Data           4  getstr.o(.data)
    q                                        0x20000050   Data           4  getstr.o(.data)
    o                                        0x20000054   Data           4  getstr.o(.data)
    y                                        0x20000058   Data           4  getstr.o(.data)
    flag                                     0x2000005c   Data           4  getstr.o(.data)
    BUF                                      0x20000060   Data           8  bh1750.o(.data)
    temp2                                    0x20000068   Data           2  bh1750.o(.data)
    lux                                      0x2000006c   Data           4  bh1750.o(.data)
    CO2Data                                  0x20000070   Data           4  sgp30.o(.data)
    TVOCData                                 0x20000074   Data           4  sgp30.o(.data)
    t_fine                                   0x20000078   Data           4  bmp280.o(.data)
    MyReciveSta                              0x2000007c   Data           1  esp8266.o(.data)
    MyReciveLenth                            0x2000007e   Data           2  esp8266.o(.data)
    Temperature                              0x20000080   Data           4  sht30.o(.data)
    Humidity                                 0x20000084   Data           4  sht30.o(.data)
    __stdout                                 0x2000008c   Data           4  usart.o(.data)
    USART_RX_STA                             0x20000090   Data           2  usart.o(.data)
    CO2Data1                                 0x200000a8   Data          20  main.o(.bss)
    TVOCData1                                0x200000bc   Data          20  main.o(.bss)
    BMP_Temperature1                         0x200000d0   Data          20  main.o(.bss)
    BMP_Pressure1                            0x200000e4   Data          20  main.o(.bss)
    temperature1                             0x200000f8   Data          20  main.o(.bss)
    humidity1                                0x2000010c   Data          20  main.o(.bss)
    light1                                   0x20000120   Data          20  main.o(.bss)
    tw1                                      0x20000134   Data          10  main.o(.bss)
    th1                                      0x2000013e   Data          10  main.o(.bss)
    fo1                                      0x20000148   Data          10  main.o(.bss)
    fi1                                      0x20000152   Data          10  main.o(.bss)
    cCmd                                     0x2000015c   Data         300  main.o(.bss)
    MyTeData                                 0x20000288   Data          30  getstr.o(.bss)
    MyAtData                                 0x200002a6   Data          30  getstr.o(.bss)
    MyCoData                                 0x200002c4   Data          30  getstr.o(.bss)
    MyHuData                                 0x200002e2   Data          30  getstr.o(.bss)
    MyLiData                                 0x20000300   Data          30  getstr.o(.bss)
    MyPyData                                 0x2000031e   Data          30  getstr.o(.bss)
    bmp280                                   0x2000033c   Data          24  bmp280.o(.bss)
    MyBuffer                                 0x20000354   Data        2048  esp8266.o(.bss)
    ESP8266_Fram_Record_Struct               0x20000b54   Data        1026  esp8266.o(.bss)
    USART_RX_BUF                             0x20000f56   Data         200  usart.o(.bss)
    __initial_sp                             0x20001420   Data           0  startup_stm32f40_41xxx.o(STACK)



==============================================================================

Memory Map of the image

  Image Entry point : 0x08000189

  Load Region LR_IROM1 (Base: 0x08000000, Size: 0x00006b3c, Max: 0x00080000, ABSOLUTE)

    Execution Region ER_IROM1 (Exec base: 0x08000000, Load base: 0x08000000, Size: 0x00006a94, Max: 0x00080000, ABSOLUTE)

    Exec Addr    Load Addr    Size         Type   Attr      Idx    E Section Name        Object

    0x08000000   0x08000000   0x00000188   Data   RO          708    RESET               startup_stm32f40_41xxx.o
    0x08000188   0x08000188   0x00000000   Code   RO         1430  * .ARM.Collect$$$$00000000  mc_w.l(entry.o)
    0x08000188   0x08000188   0x00000004   Code   RO         1722    .ARM.Collect$$$$00000001  mc_w.l(entry2.o)
    0x0800018c   0x0800018c   0x00000004   Code   RO         1725    .ARM.Collect$$$$00000004  mc_w.l(entry5.o)
    0x08000190   0x08000190   0x00000000   Code   RO         1727    .ARM.Collect$$$$00000008  mc_w.l(entry7b.o)
    0x08000190   0x08000190   0x00000000   Code   RO         1729    .ARM.Collect$$$$0000000A  mc_w.l(entry8b.o)
    0x08000190   0x08000190   0x00000008   Code   RO         1730    .ARM.Collect$$$$0000000B  mc_w.l(entry9a.o)
    0x08000198   0x08000198   0x00000004   Code   RO         1737    .ARM.Collect$$$$0000000E  mc_w.l(entry12b.o)
    0x0800019c   0x0800019c   0x00000000   Code   RO         1732    .ARM.Collect$$$$0000000F  mc_w.l(entry10a.o)
    0x0800019c   0x0800019c   0x00000000   Code   RO         1734    .ARM.Collect$$$$00000011  mc_w.l(entry11a.o)
    0x0800019c   0x0800019c   0x00000004   Code   RO         1723    .ARM.Collect$$$$00002712  mc_w.l(entry2.o)
    0x080001a0   0x080001a0   0x000002d8   Code   RO            3    .text               main.o
    0x08000478   0x08000478   0x0000001a   Code   RO          197    .text               stm32f4xx_it.o
    0x08000492   0x08000492   0x00000002   PAD
    0x08000494   0x08000494   0x00000210   Code   RO          246    .text               system_stm32f4xx.o
    0x080006a4   0x080006a4   0x00000a40   Code   RO          272    .text               getstr.o
    0x080010e4   0x080010e4   0x00000038   Code   RO          306    .text               led.o
    0x0800111c   0x0800111c   0x00000444   Code   RO          384    .text               bh1750.o
    0x08001560   0x08001560   0x000000e0   Code   RO          410    .text               soil.o
    0x08001640   0x08001640   0x00000378   Code   RO          430    .text               sgp30.o
    0x080019b8   0x080019b8   0x00000258   Code   RO          480    .text               bmpiic.o
    0x08001c10   0x08001c10   0x0000077c   Code   RO          500    .text               bmp280.o
    0x0800238c   0x0800238c   0x000008ec   Code   RO          527    .text               esp8266.o
    0x08002c78   0x08002c78   0x0000014c   Code   RO          561    .text               mqtt.o
    0x08002dc4   0x08002dc4   0x00000114   Code   RO          582    .text               timer.o
    0x08002ed8   0x08002ed8   0x000003dc   Code   RO          610    .text               sht30.o
    0x080032b4   0x080032b4   0x00000104   Code   RO          637    .text               delay.o
    0x080033b8   0x080033b8   0x00000148   Code   RO          677    .text               usart.o
    0x08003500   0x08003500   0x00000024   Code   RO          709    .text               startup_stm32f40_41xxx.o
    0x08003524   0x08003524   0x000000e0   Code   RO          715    .text               misc.o
    0x08003604   0x08003604   0x00000464   Code   RO          735    .text               stm32f4xx_adc.o
    0x08003a68   0x08003a68   0x00000294   Code   RO         1064    .text               stm32f4xx_gpio.o
    0x08003cfc   0x08003cfc   0x0000065c   Code   RO         1227    .text               stm32f4xx_rcc.o
    0x08004358   0x08004358   0x00000ca2   Code   RO         1372    .text               stm32f4xx_tim.o
    0x08004ffa   0x08004ffa   0x00000002   PAD
    0x08004ffc   0x08004ffc   0x00000454   Code   RO         1392    .text               stm32f4xx_usart.o
    0x08005450   0x08005450   0x00000024   Code   RO         1435    .text               mc_w.l(memseta.o)
    0x08005474   0x08005474   0x00000024   Code   RO         1437    .text               mc_w.l(strstr.o)
    0x08005498   0x08005498   0x0000001a   Code   RO         1702    .text               mc_w.l(atol.o)
    0x080054b2   0x080054b2   0x0000014e   Code   RO         1704    .text               mf_w.l(dadd.o)
    0x08005600   0x08005600   0x000000e4   Code   RO         1706    .text               mf_w.l(dmul.o)
    0x080056e4   0x080056e4   0x000000de   Code   RO         1708    .text               mf_w.l(ddiv.o)
    0x080057c2   0x080057c2   0x00000022   Code   RO         1710    .text               mf_w.l(dflti.o)
    0x080057e4   0x080057e4   0x0000001a   Code   RO         1712    .text               mf_w.l(dfltui.o)
    0x080057fe   0x080057fe   0x0000003e   Code   RO         1714    .text               mf_w.l(dfixi.o)
    0x0800583c   0x0800583c   0x00000026   Code   RO         1716    .text               mf_w.l(f2d.o)
    0x08005862   0x08005862   0x00000002   PAD
    0x08005864   0x08005864   0x00000030   Code   RO         1718    .text               mf_w.l(cdcmple.o)
    0x08005894   0x08005894   0x00000038   Code   RO         1720    .text               mf_w.l(d2f.o)
    0x080058cc   0x080058cc   0x0000002c   Code   RO         1738    .text               mc_w.l(uidiv.o)
    0x080058f8   0x080058f8   0x00000062   Code   RO         1740    .text               mc_w.l(uldiv.o)
    0x0800595a   0x0800595a   0x0000001e   Code   RO         1742    .text               mc_w.l(llshl.o)
    0x08005978   0x08005978   0x00000020   Code   RO         1744    .text               mc_w.l(llushr.o)
    0x08005998   0x08005998   0x00000024   Code   RO         1746    .text               mc_w.l(llsshr.o)
    0x080059bc   0x080059bc   0x00000070   Code   RO         1755    .text               mc_w.l(strtol.o)
    0x08005a2c   0x08005a2c   0x00000000   Code   RO         1757    .text               mc_w.l(iusefp.o)
    0x08005a2c   0x08005a2c   0x0000006e   Code   RO         1758    .text               mf_w.l(fepilogue.o)
    0x08005a9a   0x08005a9a   0x000000ba   Code   RO         1760    .text               mf_w.l(depilogue.o)
    0x08005b54   0x08005b54   0x00000030   Code   RO         1762    .text               mf_w.l(dfixul.o)
    0x08005b84   0x08005b84   0x00000030   Code   RO         1764    .text               mf_w.l(cdrcmple.o)
    0x08005bb4   0x08005bb4   0x00000024   Code   RO         1766    .text               mc_w.l(init.o)
    0x08005bd8   0x08005bd8   0x00000008   Code   RO         1768    .text               mc_w.l(ctype_o.o)
    0x08005be0   0x08005be0   0x0000009e   Code   RO         1796    .text               mc_w.l(_strtoul.o)
    0x08005c7e   0x08005c7e   0x0000001c   Code   RO         1798    .text               mc_w.l(_chval.o)
    0x08005c9a   0x08005c9a   0x00000002   PAD
    0x08005c9c   0x08005c9c   0x00000020   Code   RO         1674    i.__0printf         mc_w.l(printfa.o)
    0x08005cbc   0x08005cbc   0x00000028   Code   RO         1676    i.__0sprintf        mc_w.l(printfa.o)
    0x08005ce4   0x08005ce4   0x00000008   Code   RO         1748    i.__aeabi_errno_addr  mc_w.l(errno.o)
    0x08005cec   0x08005cec   0x0000000e   Code   RO         1802    i.__scatterload_copy  mc_w.l(handlers.o)
    0x08005cfa   0x08005cfa   0x00000002   Code   RO         1803    i.__scatterload_null  mc_w.l(handlers.o)
    0x08005cfc   0x08005cfc   0x0000000e   Code   RO         1804    i.__scatterload_zeroinit  mc_w.l(handlers.o)
    0x08005d0a   0x08005d0a   0x00000002   PAD
    0x08005d0c   0x08005d0c   0x00000184   Code   RO         1681    i._fp_digits        mc_w.l(printfa.o)
    0x08005e90   0x08005e90   0x000006b4   Code   RO         1682    i._printf_core      mc_w.l(printfa.o)
    0x08006544   0x08006544   0x00000024   Code   RO         1683    i._printf_post_padding  mc_w.l(printfa.o)
    0x08006568   0x08006568   0x0000002e   Code   RO         1684    i._printf_pre_padding  mc_w.l(printfa.o)
    0x08006596   0x08006596   0x0000000a   Code   RO         1686    i._sputc            mc_w.l(printfa.o)
    0x080065a0   0x080065a0   0x00000081   Data   RO         1769    .constdata          mc_w.l(ctype_o.o)
    0x08006621   0x08006621   0x00000003   PAD
    0x08006624   0x08006624   0x00000004   Data   RO         1770    .constdata          mc_w.l(ctype_o.o)
    0x08006628   0x08006628   0x00000356   Data   RO            5    .conststring        main.o
    0x0800697e   0x0800697e   0x00000002   PAD
    0x08006980   0x08006980   0x000000f1   Data   RO          562    .conststring        mqtt.o
    0x08006a71   0x08006a71   0x00000003   PAD
    0x08006a74   0x08006a74   0x00000020   Data   RO         1800    Region$$Table       anon$$obj.o


    Execution Region RW_IRAM1 (Exec base: 0x20000000, Load base: 0x08006a94, Size: 0x00001420, Max: 0x00020000, ABSOLUTE)

    Exec Addr    Load Addr    Size         Type   Attr      Idx    E Section Name        Object

    0x20000000   0x08006a94   0x00000014   Data   RW          247    .data               system_stm32f4xx.o
    0x20000014   0x08006aa8   0x0000004c   Data   RW          274    .data               getstr.o
    0x20000060   0x08006af4   0x00000010   Data   RW          385    .data               bh1750.o
    0x20000070   0x08006b04   0x00000008   Data   RW          431    .data               sgp30.o
    0x20000078   0x08006b0c   0x00000004   Data   RW          502    .data               bmp280.o
    0x2000007c   0x08006b10   0x00000004   Data   RW          529    .data               esp8266.o
    0x20000080   0x08006b14   0x00000008   Data   RW          612    .data               sht30.o
    0x20000088   0x08006b1c   0x00000004   Data   RW          638    .data               delay.o
    0x2000008c   0x08006b20   0x00000006   Data   RW          679    .data               usart.o
    0x20000092   0x08006b26   0x00000010   Data   RW         1228    .data               stm32f4xx_rcc.o
    0x200000a2   0x08006b36   0x00000002   PAD
    0x200000a4   0x08006b38   0x00000004   Data   RW         1751    .data               mc_w.l(errno.o)
    0x200000a8        -       0x000001e0   Zero   RW            4    .bss                main.o
    0x20000288        -       0x000000b4   Zero   RW          273    .bss                getstr.o
    0x2000033c        -       0x00000018   Zero   RW          501    .bss                bmp280.o
    0x20000354        -       0x00000c02   Zero   RW          528    .bss                esp8266.o
    0x20000f56        -       0x000000c8   Zero   RW          678    .bss                usart.o
    0x2000101e   0x08006b3c   0x00000002   PAD
    0x20001020        -       0x00000400   Zero   RW          706    STACK               startup_stm32f40_41xxx.o


==============================================================================

Image component sizes


      Code (inc. data)   RO Data    RW Data    ZI Data      Debug   Object Name

      1092         28          0         16          0       4333   bh1750.o
      1916        158          0          4         24       7200   bmp280.o
       600         12          0          0          0       2032   bmpiic.o
       260          8          0          4          0       1557   delay.o
      2284        522          0          4       3074      10413   esp8266.o
      2624        642          0         76        180       4731   getstr.o
        56          6          0          0          0        559   led.o
       728        146        854          0        480     298233   main.o
       224         20          0          0          0       1897   misc.o
       332        228        241          0          0        602   mqtt.o
       888         44          0          8          0       3170   sgp30.o
       988         36          0          8          0       3114   sht30.o
       224         10          0          0          0       1215   soil.o
        36          8        392          0       1024        860   startup_stm32f40_41xxx.o
      1124         24          0          0          0      10766   stm32f4xx_adc.o
       660         44          0          0          0       4237   stm32f4xx_gpio.o
        26          0          0          0          0       1262   stm32f4xx_it.o
      1628         52          0         16          0      13152   stm32f4xx_rcc.o
      3234         60          0          0          0      23092   stm32f4xx_tim.o
      1108         34          0          0          0       7960   stm32f4xx_usart.o
       528         46          0         20          0       1895   system_stm32f4xx.o
       276         10          0          0          0       1388   timer.o
       328         16          0          6        200       3418   usart.o

    ----------------------------------------------------------------------
     21168       2154       1524        164       4984     407086   Object Totals
         0          0         32          0          0          0   (incl. Generated)
         4          0          5          2          2          0   (incl. Padding)

    ----------------------------------------------------------------------

      Code (inc. data)   RO Data    RW Data    ZI Data      Debug   Library Member Name

        28          0          0          0          0         68   _chval.o
       158          0          0          0          0         92   _strtoul.o
        26          0          0          0          0         80   atol.o
         8          4        133          0          0         68   ctype_o.o
         0          0          0          0          0          0   entry.o
         0          0          0          0          0          0   entry10a.o
         0          0          0          0          0          0   entry11a.o
         4          0          0          0          0          0   entry12b.o
         8          4          0          0          0          0   entry2.o
         4          0          0          0          0          0   entry5.o
         0          0          0          0          0          0   entry7b.o
         0          0          0          0          0          0   entry8b.o
         8          4          0          0          0          0   entry9a.o
         8          4          0          4          0         68   errno.o
        30          0          0          0          0          0   handlers.o
        36          8          0          0          0         68   init.o
         0          0          0          0          0          0   iusefp.o
        30          0          0          0          0         68   llshl.o
        36          0          0          0          0         68   llsshr.o
        32          0          0          0          0         68   llushr.o
        36          0          0          0          0        108   memseta.o
      2268         96          0          0          0        616   printfa.o
        36          0          0          0          0         80   strstr.o
       112          0          0          0          0         88   strtol.o
        44          0          0          0          0         80   uidiv.o
        98          0          0          0          0         92   uldiv.o
        48          0          0          0          0         68   cdcmple.o
        48          0          0          0          0         68   cdrcmple.o
        56          0          0          0          0         88   d2f.o
       334          0          0          0          0        148   dadd.o
       222          0          0          0          0        100   ddiv.o
       186          0          0          0          0        176   depilogue.o
        62          0          0          0          0         80   dfixi.o
        48          0          0          0          0         68   dfixul.o
        34          0          0          0          0         76   dflti.o
        26          0          0          0          0         76   dfltui.o
       228          0          0          0          0         96   dmul.o
        38          0          0          0          0         68   f2d.o
       110          0          0          0          0        168   fepilogue.o

    ----------------------------------------------------------------------
      4456        120        136          4          0       2992   Library Totals
         6          0          3          0          0          0   (incl. Padding)

    ----------------------------------------------------------------------

      Code (inc. data)   RO Data    RW Data    ZI Data      Debug   Library Name

      3010        120        133          4          0       1712   mc_w.l
      1440          0          0          0          0       1280   mf_w.l

    ----------------------------------------------------------------------
      4456        120        136          4          0       2992   Library Totals

    ----------------------------------------------------------------------

==============================================================================


      Code (inc. data)   RO Data    RW Data    ZI Data      Debug   

     25624       2274       1660        168       4984     404922   Grand Totals
     25624       2274       1660        168       4984     404922   ELF Image Totals
     25624       2274       1660        168          0          0   ROM Totals

==============================================================================

    Total RO  Size (Code + RO Data)                27284 (  26.64kB)
    Total RW  Size (RW Data + ZI Data)              5152 (   5.03kB)
    Total ROM Size (Code + RO Data + RW Data)      27452 (  26.81kB)

==============================================================================

